Archive member included to satisfy reference by file (symbol)

c:/st/stm32cubeide_1.8.0/stm32cubeide/plugins/com.st.stm32cube.ide.mcu.externaltools.gnu-tools-for-stm32.10.3-2021.10.win32_1.0.0.202111181127/tools/bin/../lib/gcc/arm-none-eabi/10.3.1/../../../../arm-none-eabi/lib/thumb/v7-m/nofp\libc.a(lib_a-exit.o)
                              c:/st/stm32cubeide_1.8.0/stm32cubeide/plugins/com.st.stm32cube.ide.mcu.externaltools.gnu-tools-for-stm32.10.3-2021.10.win32_1.0.0.202111181127/tools/bin/../lib/gcc/arm-none-eabi/10.3.1/../../../../arm-none-eabi/lib/thumb/v7-m/nofp/crt0.o (exit)
c:/st/stm32cubeide_1.8.0/stm32cubeide/plugins/com.st.stm32cube.ide.mcu.externaltools.gnu-tools-for-stm32.10.3-2021.10.win32_1.0.0.202111181127/tools/bin/../lib/gcc/arm-none-eabi/10.3.1/../../../../arm-none-eabi/lib/thumb/v7-m/nofp\libc.a(lib_a-impure.o)
                              c:/st/stm32cubeide_1.8.0/stm32cubeide/plugins/com.st.stm32cube.ide.mcu.externaltools.gnu-tools-for-stm32.10.3-2021.10.win32_1.0.0.202111181127/tools/bin/../lib/gcc/arm-none-eabi/10.3.1/../../../../arm-none-eabi/lib/thumb/v7-m/nofp\libc.a(lib_a-exit.o) (_global_impure_ptr)
c:/st/stm32cubeide_1.8.0/stm32cubeide/plugins/com.st.stm32cube.ide.mcu.externaltools.gnu-tools-for-stm32.10.3-2021.10.win32_1.0.0.202111181127/tools/bin/../lib/gcc/arm-none-eabi/10.3.1/../../../../arm-none-eabi/lib/thumb/v7-m/nofp\libc.a(lib_a-init.o)
                              c:/st/stm32cubeide_1.8.0/stm32cubeide/plugins/com.st.stm32cube.ide.mcu.externaltools.gnu-tools-for-stm32.10.3-2021.10.win32_1.0.0.202111181127/tools/bin/../lib/gcc/arm-none-eabi/10.3.1/../../../../arm-none-eabi/lib/thumb/v7-m/nofp/crt0.o (__libc_init_array)
c:/st/stm32cubeide_1.8.0/stm32cubeide/plugins/com.st.stm32cube.ide.mcu.externaltools.gnu-tools-for-stm32.10.3-2021.10.win32_1.0.0.202111181127/tools/bin/../lib/gcc/arm-none-eabi/10.3.1/../../../../arm-none-eabi/lib/thumb/v7-m/nofp\libc.a(lib_a-memcmp.o)
                              ./src/gcode.o (memcmp)
c:/st/stm32cubeide_1.8.0/stm32cubeide/plugins/com.st.stm32cube.ide.mcu.externaltools.gnu-tools-for-stm32.10.3-2021.10.win32_1.0.0.202111181127/tools/bin/../lib/gcc/arm-none-eabi/10.3.1/../../../../arm-none-eabi/lib/thumb/v7-m/nofp\libc.a(lib_a-memset.o)
                              c:/st/stm32cubeide_1.8.0/stm32cubeide/plugins/com.st.stm32cube.ide.mcu.externaltools.gnu-tools-for-stm32.10.3-2021.10.win32_1.0.0.202111181127/tools/bin/../lib/gcc/arm-none-eabi/10.3.1/../../../../arm-none-eabi/lib/thumb/v7-m/nofp/crt0.o (memset)
c:/st/stm32cubeide_1.8.0/stm32cubeide/plugins/com.st.stm32cube.ide.mcu.externaltools.gnu-tools-for-stm32.10.3-2021.10.win32_1.0.0.202111181127/tools/bin/../lib/gcc/arm-none-eabi/10.3.1/../../../../arm-none-eabi/lib/thumb/v7-m/nofp\libc.a(lib_a-__call_atexit.o)
                              c:/st/stm32cubeide_1.8.0/stm32cubeide/plugins/com.st.stm32cube.ide.mcu.externaltools.gnu-tools-for-stm32.10.3-2021.10.win32_1.0.0.202111181127/tools/bin/../lib/gcc/arm-none-eabi/10.3.1/../../../../arm-none-eabi/lib/thumb/v7-m/nofp\libc.a(lib_a-exit.o) (__call_exitprocs)
c:/st/stm32cubeide_1.8.0/stm32cubeide/plugins/com.st.stm32cube.ide.mcu.externaltools.gnu-tools-for-stm32.10.3-2021.10.win32_1.0.0.202111181127/tools/bin/../lib/gcc/arm-none-eabi/10.3.1/../../../../arm-none-eabi/lib/thumb/v7-m/nofp\libc.a(lib_a-atexit.o)
                              c:/st/stm32cubeide_1.8.0/stm32cubeide/plugins/com.st.stm32cube.ide.mcu.externaltools.gnu-tools-for-stm32.10.3-2021.10.win32_1.0.0.202111181127/tools/bin/../lib/gcc/arm-none-eabi/10.3.1/../../../../arm-none-eabi/lib/thumb/v7-m/nofp\libc.a(lib_a-__call_atexit.o) (atexit)
c:/st/stm32cubeide_1.8.0/stm32cubeide/plugins/com.st.stm32cube.ide.mcu.externaltools.gnu-tools-for-stm32.10.3-2021.10.win32_1.0.0.202111181127/tools/bin/../lib/gcc/arm-none-eabi/10.3.1/../../../../arm-none-eabi/lib/thumb/v7-m/nofp\libc.a(lib_a-fini.o)
                              c:/st/stm32cubeide_1.8.0/stm32cubeide/plugins/com.st.stm32cube.ide.mcu.externaltools.gnu-tools-for-stm32.10.3-2021.10.win32_1.0.0.202111181127/tools/bin/../lib/gcc/arm-none-eabi/10.3.1/../../../../arm-none-eabi/lib/thumb/v7-m/nofp\libc.a(lib_a-__call_atexit.o) (__libc_fini_array)
c:/st/stm32cubeide_1.8.0/stm32cubeide/plugins/com.st.stm32cube.ide.mcu.externaltools.gnu-tools-for-stm32.10.3-2021.10.win32_1.0.0.202111181127/tools/bin/../lib/gcc/arm-none-eabi/10.3.1/../../../../arm-none-eabi/lib/thumb/v7-m/nofp\libc.a(lib_a-lock.o)
                              c:/st/stm32cubeide_1.8.0/stm32cubeide/plugins/com.st.stm32cube.ide.mcu.externaltools.gnu-tools-for-stm32.10.3-2021.10.win32_1.0.0.202111181127/tools/bin/../lib/gcc/arm-none-eabi/10.3.1/../../../../arm-none-eabi/lib/thumb/v7-m/nofp\libc.a(lib_a-__call_atexit.o) (__retarget_lock_acquire_recursive)
[...]
Memory Configuration

Name             Origin             Length             Attributes
FLASH            0x0000000008000000 0x0000000000010000 xr
RAM              0x0000000020000000 0x0000000000005000 xrw
MEMORY_B1        0x0000000060000000 0x0000000000000000 xr
*default*        0x0000000000000000 0xffffffffffffffff

Linker script and memory map

LOAD c:/st/stm32cubeide_1.8.0/stm32cubeide/plugins/com.st.stm32cube.ide.mcu.externaltools.gnu-tools-for-stm32.10.3-2021.10.win32_1.0.0.202111181127/tools/bin/../lib/gcc/arm-none-eabi/10.3.1/thumb/v7-m/nofp/crti.o
LOAD c:/st/stm32cubeide_1.8.0/stm32cubeide/plugins/com.st.stm32cube.ide.mcu.externaltools.gnu-tools-for-stm32.10.3-2021.10.win32_1.0.0.202111181127/tools/bin/../lib/gcc/arm-none-eabi/10.3.1/thumb/v7-m/nofp/crtbegin.o
LOAD c:/st/stm32cubeide_1.8.0/stm32cubeide/plugins/com.st.stm32cube.ide.mcu.externaltools.gnu-tools-for-stm32.10.3-2021.10.win32_1.0.0.202111181127/tools/bin/../lib/gcc/arm-none-eabi/10.3.1/../../../../arm-none-eabi/lib/thumb/v7-m/nofp/crt0.o
LOAD ./Libraries/STM32F10x_StdPeriph_Driver/src/misc.o
LOAD ./Libraries/STM32F10x_StdPeriph_Driver/src/stm32f10x_adc.o
LOAD ./Libraries/STM32F10x_StdPeriph_Driver/src/stm32f10x_bkp.o
LOAD ./Libraries/STM32F10x_StdPeriph_Driver/src/stm32f10x_can.o
LOAD ./Libraries/STM32F10x_StdPeriph_Driver/src/stm32f10x_cec.o
LOAD ./Libraries/STM32F10x_StdPeriph_Driver/src/stm32f10x_crc.o
LOAD ./Libraries/STM32F10x_StdPeriph_Driver/src/stm32f10x_dac.o
LOAD ./Libraries/STM32F10x_StdPeriph_Driver/src/stm32f10x_dbgmcu.o
LOAD ./Libraries/STM32F10x_StdPeriph_Driver/src/stm32f10x_dma.o
LOAD ./Libraries/STM32F10x_StdPeriph_Driver/src/stm32f10x_exti.o
LOAD ./Libraries/STM32F10x_StdPeriph_Driver/src/stm32f10x_flash.o
LOAD ./Libraries/STM32F10x_StdPeriph_Driver/src/stm32f10x_fsmc.o
LOAD ./Libraries/STM32F10x_StdPeriph_Driver/src/stm32f10x_gpio.o
LOAD ./Libraries/STM32F10x_StdPeriph_Driver/src/stm32f10x_i2c.o
LOAD ./Libraries/STM32F10x_StdPeriph_Driver/src/stm32f10x_iwdg.o
LOAD ./Libraries/STM32F10x_StdPeriph_Driver/src/stm32f10x_pwr.o
LOAD ./Libraries/STM32F10x_StdPeriph_Driver/src/stm32f10x_rcc.o
LOAD ./Libraries/STM32F10x_StdPeriph_Driver/src/stm32f10x_rtc.o
LOAD ./Libraries/STM32F10x_StdPeriph_Driver/src/stm32f10x_sdio.o
LOAD ./Libraries/STM32F10x_StdPeriph_Driver/src/stm32f10x_spi.o
LOAD ./Libraries/STM32F10x_StdPeriph_Driver/src/stm32f10x_tim.o
LOAD ./Libraries/STM32F10x_StdPeriph_Driver/src/stm32f10x_usart.o
LOAD ./Libraries/STM32F10x_StdPeriph_Driver/src/stm32f10x_wwdg.o
LOAD ./src/coolant_control.o
LOAD ./src/eeprom.o
LOAD ./src/gcode.o
LOAD ./src/jog.o
LOAD ./src/limits.o
LOAD ./src/main.o
LOAD ./src/motion_control.o
LOAD ./src/nuts_bolts.o
LOAD ./src/planner.o
LOAD ./src/print.o
LOAD ./src/probe.o
LOAD ./src/protocol.o
LOAD ./src/report.o
LOAD ./src/serial.o
LOAD ./src/settings.o
LOAD ./src/spindle_control.o
LOAD ./src/startup_stm32f10x_md.o
LOAD ./src/stepper.o
LOAD ./src/system.o
LOAD ./src/system_stm32f10x.o
LOAD ./stm_usb_fs_lib/src/usb_core.o
LOAD ./stm_usb_fs_lib/src/usb_init.o
LOAD ./stm_usb_fs_lib/src/usb_int.o
LOAD ./stm_usb_fs_lib/src/usb_mem.o
LOAD ./stm_usb_fs_lib/src/usb_regs.o
LOAD ./stm_usb_fs_lib/src/usb_sil.o
LOAD ./usb/hw_config.o
LOAD ./usb/usb_desc.o
LOAD ./usb/usb_endp.o
LOAD ./usb/usb_istr.o
LOAD ./usb/usb_prop.o
LOAD ./usb/usb_pwr.o
LOAD ./util/stm32f10x_it.o
START GROUP
LOAD c:/st/stm32cubeide_1.8.0/stm32cubeide/plugins/com.st.stm32cube.ide.mcu.externaltools.gnu-tools-for-stm32.10.3-2021.10.win32_1.0.0.202111181127/tools/bin/../lib/gcc/arm-none-eabi/10.3.1/../../../../arm-none-eabi/lib/thumb/v7-m/nofp\libc.a
LOAD c:/st/stm32cubeide_1.8.0/stm32cubeide/plugins/com.st.stm32cube.ide.mcu.externaltools.gnu-tools-for-stm32.10.3-2021.10.win32_1.0.0.202111181127/tools/bin/../lib/gcc/arm-none-eabi/10.3.1/../../../../arm-none-eabi/lib/thumb/v7-m/nofp\libm.a
END GROUP
START GROUP
LOAD c:/st/stm32cubeide_1.8.0/stm32cubeide/plugins/com.st.stm32cube.ide.mcu.externaltools.gnu-tools-for-stm32.10.3-2021.10.win32_1.0.0.202111181127/tools/bin/../lib/gcc/arm-none-eabi/10.3.1/thumb/v7-m/nofp\libgcc.a
LOAD c:/st/stm32cubeide_1.8.0/stm32cubeide/plugins/com.st.stm32cube.ide.mcu.externaltools.gnu-tools-for-stm32.10.3-2021.10.win32_1.0.0.202111181127/tools/bin/../lib/gcc/arm-none-eabi/10.3.1/../../../../arm-none-eabi/lib/thumb/v7-m/nofp\libc.a
END GROUP
START GROUP
LOAD c:/st/stm32cubeide_1.8.0/stm32cubeide/plugins/com.st.stm32cube.ide.mcu.externaltools.gnu-tools-for-stm32.10.3-2021.10.win32_1.0.0.202111181127/tools/bin/../lib/gcc/arm-none-eabi/10.3.1/thumb/v7-m/nofp\libgcc.a
LOAD c:/st/stm32cubeide_1.8.0/stm32cubeide/plugins/com.st.stm32cube.ide.mcu.externaltools.gnu-tools-for-stm32.10.3-2021.10.win32_1.0.0.202111181127/tools/bin/../lib/gcc/arm-none-eabi/10.3.1/../../../../arm-none-eabi/lib/thumb/v7-m/nofp\libc.a
LOAD c:/st/stm32cubeide_1.8.0/stm32cubeide/plugins/com.st.stm32cube.ide.mcu.externaltools.gnu-tools-for-stm32.10.3-2021.10.win32_1.0.0.202111181127/tools/bin/../lib/gcc/arm-none-eabi/10.3.1/../../../../arm-none-eabi/lib/thumb/v7-m/nofp\libnosys.a
END GROUP
LOAD c:/st/stm32cubeide_1.8.0/stm32cubeide/plugins/com.st.stm32cube.ide.mcu.externaltools.gnu-tools-for-stm32.10.3-2021.10.win32_1.0.0.202111181127/tools/bin/../lib/gcc/arm-none-eabi/10.3.1/thumb/v7-m/nofp/crtend.o
LOAD c:/st/stm32cubeide_1.8.0/stm32cubeide/plugins/com.st.stm32cube.ide.mcu.externaltools.gnu-tools-for-stm32.10.3-2021.10.win32_1.0.0.202111181127/tools/bin/../lib/gcc/arm-none-eabi/10.3.1/thumb/v7-m/nofp/crtn.o
                0x0000000020005000                _estack = 0x20005000
                0x0000000000000080                _Min_Heap_Size = 0x80
                0x0000000000000200                _Min_Stack_Size = 0x200

.isr_vector     0x0000000008000000      0x10c
                0x0000000008000000                . = ALIGN (0x4)
 *(.isr_vector)
 .isr_vector    0x0000000008000000      0x10c ./src/startup_stm32f10x_md.o
                0x0000000008000000                g_pfnVectors
                0x000000000800010c                . = ALIGN (0x4)

.text           0x0000000008000110     0xabfc
                0x0000000008000110                . = ALIGN (0x4)
 *(.text)
 .text          0x0000000008000110       0x40 c:/st/stm32cubeide_1.8.0/stm32cubeide/plugins/com.st.stm32cube.ide.mcu.externaltools.gnu-tools-for-stm32.10.3-2021.10.win32_1.0.0.202111181127/tools/bin/../lib/gcc/arm-none-eabi/10.3.1/thumb/v7-m/nofp/crtbegin.o
 .text          0x0000000008000150      0x378 c:/st/stm32cubeide_1.8.0/stm32cubeide/plugins/com.st.stm32cube.ide.mcu.externaltools.gnu-tools-for-stm32.10.3-2021.10.win32_1.0.0.202111181127/tools/bin/../lib/gcc/arm-none-eabi/10.3.1/thumb/v7-m/nofp\libgcc.a(_arm_addsubdf3.o)
                0x0000000008000150                __aeabi_drsub
                0x0000000008000158                __aeabi_dsub
                0x0000000008000158                __subdf3
                0x000000000800015c                __aeabi_dadd
                0x000000000800015c                __adddf3
                0x00000000080003d4                __floatunsidf
                0x00000000080003d4                __aeabi_ui2d
                0x00000000080003f4                __floatsidf
                0x00000000080003f4                __aeabi_i2d
                0x0000000008000418                __aeabi_f2d
                0x0000000008000418                __extendsfdf2
                0x000000000800045c                __floatundidf
                0x000000000800045c                __aeabi_ul2d
                0x000000000800046c                __floatdidf
                0x000000000800046c                __aeabi_l2d
 .text          0x00000000080004c8      0x110 c:/st/stm32cubeide_1.8.0/stm32cubeide/plugins/com.st.stm32cube.ide.mcu.externaltools.gnu-tools-for-stm32.10.3-2021.10.win32_1.0.0.202111181127/tools/bin/../lib/gcc/arm-none-eabi/10.3.1/thumb/v7-m/nofp\libgcc.a(_arm_cmpdf2.o)
                0x00000000080004c8                __gtdf2
                0x00000000080004c8                __gedf2
                0x00000000080004d0                __ltdf2
                0x00000000080004d0                __ledf2
                0x00000000080004d8                __nedf2
                0x00000000080004d8                __eqdf2
                0x00000000080004d8                __cmpdf2
                0x0000000008000554                __aeabi_cdrcmple
                0x0000000008000564                __aeabi_cdcmpeq
                0x0000000008000564                __aeabi_cdcmple
                0x0000000008000574                __aeabi_dcmpeq
                0x0000000008000588                __aeabi_dcmplt
                0x000000000800059c                __aeabi_dcmple
                0x00000000080005b0                __aeabi_dcmpge
                0x00000000080005c4                __aeabi_dcmpgt
 .text          0x00000000080005d8       0xa0 c:/st/stm32cubeide_1.8.0/stm32cubeide/plugins/com.st.stm32cube.ide.mcu.externaltools.gnu-tools-for-stm32.10.3-2021.10.win32_1.0.0.202111181127/tools/bin/../lib/gcc/arm-none-eabi/10.3.1/thumb/v7-m/nofp\libgcc.a(_arm_truncdfsf2.o)
                0x00000000080005d8                __truncdfsf2
                0x00000000080005d8                __aeabi_d2f
 .text          0x0000000008000678      0x21c c:/st/stm32cubeide_1.8.0/stm32cubeide/plugins/com.st.stm32cube.ide.mcu.externaltools.gnu-tools-for-stm32.10.3-2021.10.win32_1.0.0.202111181127/tools/bin/../lib/gcc/arm-none-eabi/10.3.1/thumb/v7-m/nofp\libgcc.a(_arm_addsubsf3.o)
                0x0000000008000678                __aeabi_frsub
                0x0000000008000680                __subsf3
                0x0000000008000680                __aeabi_fsub
                0x0000000008000684                __aeabi_fadd
                0x0000000008000684                __addsf3
                0x00000000080007e4                __aeabi_ui2f
                0x00000000080007e4                __floatunsisf
                0x00000000080007ec                __aeabi_i2f
                0x00000000080007ec                __floatsisf
                0x0000000008000808                __aeabi_ul2f
                0x0000000008000808                __floatundisf
                0x0000000008000818                __aeabi_l2f
                0x0000000008000818                __floatdisf
 .text          0x0000000008000894      0x2a0 c:/st/stm32cubeide_1.8.0/stm32cubeide/plugins/com.st.stm32cube.ide.mcu.externaltools.gnu-tools-for-stm32.10.3-2021.10.win32_1.0.0.202111181127/tools/bin/../lib/gcc/arm-none-eabi/10.3.1/thumb/v7-m/nofp\libgcc.a(_arm_muldivsf3.o)
                0x0000000008000894                __mulsf3
                0x0000000008000894                __aeabi_fmul
                0x00000000080009fc                __aeabi_fdiv
                0x00000000080009fc                __divsf3
 .text          0x0000000008000b34       0xec c:/st/stm32cubeide_1.8.0/stm32cubeide/plugins/com.st.stm32cube.ide.mcu.externaltools.gnu-tools-for-stm32.10.3-2021.10.win32_1.0.0.202111181127/tools/bin/../lib/gcc/arm-none-eabi/10.3.1/thumb/v7-m/nofp\libgcc.a(_arm_cmpsf2.o)
                0x0000000008000b34                __gesf2
                0x0000000008000b34                __gtsf2
                0x0000000008000b3c                __lesf2
                0x0000000008000b3c                __ltsf2
                0x0000000008000b44                __nesf2
                0x0000000008000b44                __eqsf2
                0x0000000008000b44                __cmpsf2
                0x0000000008000ba4                __aeabi_cfrcmple
                0x0000000008000bac                __aeabi_cfcmpeq
                0x0000000008000bac                __aeabi_cfcmple
                0x0000000008000bbc                __aeabi_fcmpeq
                0x0000000008000bd0                __aeabi_fcmplt
                0x0000000008000be4                __aeabi_fcmple
                0x0000000008000bf8                __aeabi_fcmpge
                0x0000000008000c0c                __aeabi_fcmpgt
 .text          0x0000000008000c20       0x2c c:/st/stm32cubeide_1.8.0/stm32cubeide/plugins/com.st.stm32cube.ide.mcu.externaltools.gnu-tools-for-stm32.10.3-2021.10.win32_1.0.0.202111181127/tools/bin/../lib/gcc/arm-none-eabi/10.3.1/thumb/v7-m/nofp\libgcc.a(_arm_unordsf2.o)
                0x0000000008000c20                __unordsf2
                0x0000000008000c20                __aeabi_fcmpun
 .text          0x0000000008000c4c       0x4c c:/st/stm32cubeide_1.8.0/stm32cubeide/plugins/com.st.stm32cube.ide.mcu.externaltools.gnu-tools-for-stm32.10.3-2021.10.win32_1.0.0.202111181127/tools/bin/../lib/gcc/arm-none-eabi/10.3.1/thumb/v7-m/nofp\libgcc.a(_arm_fixsfsi.o)
                0x0000000008000c4c                __aeabi_f2iz
                0x0000000008000c4c                __fixsfsi
 .text          0x0000000008000c98       0x40 c:/st/stm32cubeide_1.8.0/stm32cubeide/plugins/com.st.stm32cube.ide.mcu.externaltools.gnu-tools-for-stm32.10.3-2021.10.win32_1.0.0.202111181127/tools/bin/../lib/gcc/arm-none-eabi/10.3.1/thumb/v7-m/nofp\libgcc.a(_arm_fixunssfsi.o)
                0x0000000008000c98                __fixunssfsi
                0x0000000008000c98                __aeabi_f2uiz
 *(.text*)
 .text.NVIC_PriorityGroupConfig
                0x0000000008000cd8       0x14 ./Libraries/STM32F10x_StdPeriph_Driver/src/misc.o
                0x0000000008000cd8                NVIC_PriorityGroupConfig
 .text.NVIC_Init
                0x0000000008000cec       0x6c ./Libraries/STM32F10x_StdPeriph_Driver/src/misc.o
                0x0000000008000cec                NVIC_Init
 .text.EXTI_Init
                0x0000000008000d58       0x80 ./Libraries/STM32F10x_StdPeriph_Driver/src/stm32f10x_exti.o
                0x0000000008000d58                EXTI_Init
 .text.EXTI_GetITStatus
                0x0000000008000dd8       0x1c ./Libraries/STM32F10x_StdPeriph_Driver/src/stm32f10x_exti.o
                0x0000000008000dd8                EXTI_GetITStatus
 .text.EXTI_ClearITPendingBit
                0x0000000008000df4        0xc ./Libraries/STM32F10x_StdPeriph_Driver/src/stm32f10x_exti.o
                0x0000000008000df4                EXTI_ClearITPendingBit
 .text.FLASH_Unlock
                0x0000000008000e00       0x18 ./Libraries/STM32F10x_StdPeriph_Driver/src/stm32f10x_flash.o
                0x0000000008000e00                FLASH_Unlock
 .text.FLASH_ErasePage
                0x0000000008000e18       0xd0 ./Libraries/STM32F10x_StdPeriph_Driver/src/stm32f10x_flash.o
                0x0000000008000e18                FLASH_ErasePage
 .text.FLASH_ProgramHalfWord
                0x0000000008000ee8       0xc8 ./Libraries/STM32F10x_StdPeriph_Driver/src/stm32f10x_flash.o
                0x0000000008000ee8                FLASH_ProgramHalfWord
 .text.GPIO_Init
                0x0000000008000fb0      0x328 ./Libraries/STM32F10x_StdPeriph_Driver/src/stm32f10x_gpio.o
                0x0000000008000fb0                GPIO_Init
 .text.GPIO_ReadInputData
                0x00000000080012d8        0x8 ./Libraries/STM32F10x_StdPeriph_Driver/src/stm32f10x_gpio.o
                0x00000000080012d8                GPIO_ReadInputData
 .text.GPIO_ReadOutputData
                0x00000000080012e0        0x8 ./Libraries/STM32F10x_StdPeriph_Driver/src/stm32f10x_gpio.o
                0x00000000080012e0                GPIO_ReadOutputData
 .text.GPIO_SetBits
                0x00000000080012e8        0x4 ./Libraries/STM32F10x_StdPeriph_Driver/src/stm32f10x_gpio.o
                0x00000000080012e8                GPIO_SetBits
 .text.GPIO_ResetBits
                0x00000000080012ec        0x4 ./Libraries/STM32F10x_StdPeriph_Driver/src/stm32f10x_gpio.o
                0x00000000080012ec                GPIO_ResetBits
 .text.GPIO_WriteBit
                0x00000000080012f0        0xc ./Libraries/STM32F10x_StdPeriph_Driver/src/stm32f10x_gpio.o
                0x00000000080012f0                GPIO_WriteBit
 .text.GPIO_PinRemapConfig
                0x00000000080012fc       0x70 ./Libraries/STM32F10x_StdPeriph_Driver/src/stm32f10x_gpio.o
                0x00000000080012fc                GPIO_PinRemapConfig
 .text.GPIO_EXTILineConfig
                0x000000000800136c       0x2c ./Libraries/STM32F10x_StdPeriph_Driver/src/stm32f10x_gpio.o
                0x000000000800136c                GPIO_EXTILineConfig
 .text.RCC_USBCLKConfig
                0x0000000008001398        0xc ./Libraries/STM32F10x_StdPeriph_Driver/src/stm32f10x_rcc.o
                0x0000000008001398                RCC_USBCLKConfig
 .text.RCC_APB2PeriphClockCmd
                0x00000000080013a4       0x18 ./Libraries/STM32F10x_StdPeriph_Driver/src/stm32f10x_rcc.o
                0x00000000080013a4                RCC_APB2PeriphClockCmd
 .text.RCC_APB1PeriphClockCmd
                0x00000000080013bc       0x18 ./Libraries/STM32F10x_StdPeriph_Driver/src/stm32f10x_rcc.o
                0x00000000080013bc                RCC_APB1PeriphClockCmd
 .text.TIM_TimeBaseInit
                0x00000000080013d4       0xac ./Libraries/STM32F10x_StdPeriph_Driver/src/stm32f10x_tim.o
                0x00000000080013d4                TIM_TimeBaseInit
 .text.TIM_OC1Init
                0x0000000008001480       0x9c ./Libraries/STM32F10x_StdPeriph_Driver/src/stm32f10x_tim.o
                0x0000000008001480                TIM_OC1Init
 .text.TIM_TimeBaseStructInit
                0x000000000800151c       0x10 ./Libraries/STM32F10x_StdPeriph_Driver/src/stm32f10x_tim.o
                0x000000000800151c                TIM_TimeBaseStructInit
 .text.TIM_Cmd  0x000000000800152c       0x1c ./Libraries/STM32F10x_StdPeriph_Driver/src/stm32f10x_tim.o
                0x000000000800152c                TIM_Cmd
 .text.TIM_CtrlPWMOutputs
                0x0000000008001548       0x20 ./Libraries/STM32F10x_StdPeriph_Driver/src/stm32f10x_tim.o
                0x0000000008001548                TIM_CtrlPWMOutputs
 .text.TIM_ITConfig
                0x0000000008001568       0x14 ./Libraries/STM32F10x_StdPeriph_Driver/src/stm32f10x_tim.o
                0x0000000008001568                TIM_ITConfig
 .text.TIM_OC1PreloadConfig
                0x000000000800157c       0x10 ./Libraries/STM32F10x_StdPeriph_Driver/src/stm32f10x_tim.o
                0x000000000800157c                TIM_OC1PreloadConfig
 .text.TIM_ClearITPendingBit
                0x000000000800158c        0x8 ./Libraries/STM32F10x_StdPeriph_Driver/src/stm32f10x_tim.o
                0x000000000800158c                TIM_ClearITPendingBit
 .text.coolant_init
                0x0000000008001594       0x58 ./src/coolant_control.o
                0x0000000008001594                coolant_init
 .text.coolant_get_state
                0x00000000080015ec       0x24 ./src/coolant_control.o
                0x00000000080015ec                coolant_get_state
 .text.coolant_stop
                0x0000000008001610       0x1c ./src/coolant_control.o
                0x0000000008001610                coolant_stop
 .text.coolant_set_state
                0x000000000800162c       0x4c ./src/coolant_control.o
                0x000000000800162c                coolant_set_state
 .text.coolant_sync
                0x0000000008001678       0x54 ./src/coolant_control.o
                0x0000000008001678                coolant_sync
 .text.eeprom_init
                0x00000000080016cc       0x3c ./src/eeprom.o
                0x00000000080016cc                eeprom_init
 .text.eeprom_get_char
                0x0000000008001708        0xc ./src/eeprom.o
                0x0000000008001708                eeprom_get_char
 .text.eeprom_put_char
                0x0000000008001714        0xc ./src/eeprom.o
                0x0000000008001714                eeprom_put_char
 .text.memcpy_to_eeprom_with_checksum
                0x0000000008001720       0x9c ./src/eeprom.o
                0x0000000008001720                memcpy_to_eeprom_with_checksum
 .text.memcpy_from_eeprom_with_checksum
                0x00000000080017bc       0x4c ./src/eeprom.o
                0x00000000080017bc                memcpy_from_eeprom_with_checksum
 .text.gc_init  0x0000000008001808       0x2c ./src/gcode.o
                0x0000000008001808                gc_init
 .text.gc_sync_position
                0x0000000008001834       0x10 ./src/gcode.o
                0x0000000008001834                gc_sync_position
 .text.gc_execute_line
                0x0000000008001844     0x1488 ./src/gcode.o
                0x0000000008001844                gc_execute_line
 .text.jog_execute
                0x0000000008002ccc       0x64 ./src/jog.o
                0x0000000008002ccc                jog_execute
 .text.limits_init
                0x0000000008002d30       0xa8 ./src/limits.o
                0x0000000008002d30                limits_init
 .text.limits_disable
                0x0000000008002dd8       0x10 ./src/limits.o
                0x0000000008002dd8                limits_disable
 .text.limits_get_state
                0x0000000008002de8       0x58 ./src/limits.o
                0x0000000008002de8                limits_get_state
 .text.EXTI15_10_IRQHandler
                0x0000000008002e40       0x88 ./src/limits.o
                0x0000000008002e40                EXTI15_10_IRQHandler
 .text.limits_go_home
                0x0000000008002ec8      0x494 ./src/limits.o
                0x0000000008002ec8                limits_go_home
 .text.limits_soft_check
                0x000000000800335c       0x40 ./src/limits.o
                0x000000000800335c                limits_soft_check
 .text.startup.main
                0x000000000800339c      0x134 ./src/main.o
                0x000000000800339c                main
 .text._delay_ms
                0x00000000080034d0       0x28 ./src/main.o
                0x00000000080034d0                _delay_ms
 .text.LedBlink
                0x00000000080034f8       0x24 ./src/main.o
                0x00000000080034f8                LedBlink
 .text.mc_line  0x000000000800351c       0x68 ./src/motion_control.o
                0x000000000800351c                mc_line
 *fill*         0x0000000008003584        0x4 
 .text.mc_arc   0x0000000008003588      0x368 ./src/motion_control.o
                0x0000000008003588                mc_arc
 .text.mc_dwell
                0x00000000080038f0       0x24 ./src/motion_control.o
                0x00000000080038f0                mc_dwell
 .text.mc_homing_cycle
                0x0000000008003914       0x4c ./src/motion_control.o
                0x0000000008003914                mc_homing_cycle
 .text.mc_probe_cycle
                0x0000000008003960       0xd0 ./src/motion_control.o
                0x0000000008003960                mc_probe_cycle
 .text.mc_reset
                0x0000000008003a30       0x60 ./src/motion_control.o
                0x0000000008003a30                mc_reset
 .text.read_float
                0x0000000008003a90      0x12c ./src/nuts_bolts.o
                0x0000000008003a90                read_float
 .text.delay_sec
                0x0000000008003bbc       0x6c ./src/nuts_bolts.o
                0x0000000008003bbc                delay_sec
 .text.delay_ms
                0x0000000008003c28       0x20 ./src/nuts_bolts.o
                0x0000000008003c28                delay_ms
 .text.hypot_f  0x0000000008003c48       0x24 ./src/nuts_bolts.o
                0x0000000008003c48                hypot_f
 .text.convert_delta_vector_to_unit_vector
                0x0000000008003c6c       0xc8 ./src/nuts_bolts.o
                0x0000000008003c6c                convert_delta_vector_to_unit_vector
 .text.limit_value_by_axis_maximum
                0x0000000008003d34       0xb4 ./src/nuts_bolts.o
                0x0000000008003d34                limit_value_by_axis_maximum
 .text.planner_recalculate
                0x0000000008003de8      0x21c ./src/planner.o
 .text.plan_reset
                0x0000000008004004       0x38 ./src/planner.o
                0x0000000008004004                plan_reset
 .text.plan_discard_current_block
                0x000000000800403c       0x34 ./src/planner.o
                0x000000000800403c                plan_discard_current_block
 .text.plan_get_system_motion_block
                0x0000000008004070       0x18 ./src/planner.o
                0x0000000008004070                plan_get_system_motion_block
 .text.plan_get_current_block
                0x0000000008004088       0x28 ./src/planner.o
                0x0000000008004088                plan_get_current_block
 .text.plan_get_exec_block_exit_speed_sqr
                0x00000000080040b0       0x34 ./src/planner.o
                0x00000000080040b0                plan_get_exec_block_exit_speed_sqr
 .text.plan_check_full_buffer
                0x00000000080040e4       0x1c ./src/planner.o
                0x00000000080040e4                plan_check_full_buffer
 .text.plan_compute_profile_nominal_speed
                0x0000000008004100       0x6c ./src/planner.o
                0x0000000008004100                plan_compute_profile_nominal_speed
 .text.plan_update_velocity_profile_parameters
                0x000000000800416c      0x108 ./src/planner.o
                0x000000000800416c                plan_update_velocity_profile_parameters
 .text.plan_buffer_line
                0x0000000008004274      0x4dc ./src/planner.o
                0x0000000008004274                plan_buffer_line
 .text.plan_sync_position
                0x0000000008004750       0x20 ./src/planner.o
                0x0000000008004750                plan_sync_position
 .text.plan_get_block_buffer_available
                0x0000000008004770       0x20 ./src/planner.o
                0x0000000008004770                plan_get_block_buffer_available
 .text.plan_cycle_reinitialize
                0x0000000008004790       0x20 ./src/planner.o
                0x0000000008004790                plan_cycle_reinitialize
 .text.printString
                0x00000000080047b0       0x18 ./src/print.o
                0x00000000080047b0                printString
 .text.print_uint8_base10
                0x00000000080047c8       0x7c ./src/print.o
                0x00000000080047c8                print_uint8_base10
 .text.printFloat
                0x0000000008004844      0x208 ./src/print.o
                0x0000000008004844                printFloat
 .text.printFloat_CoordValue
                0x0000000008004a4c      0x230 ./src/print.o
                0x0000000008004a4c                printFloat_CoordValue
 .text.printFloat_RateValue
                0x0000000008004c7c      0x160 ./src/print.o
                0x0000000008004c7c                printFloat_RateValue
 .text.probe_init
                0x0000000008004ddc       0x44 ./src/probe.o
                0x0000000008004ddc                probe_init
 .text.probe_configure_invert_mask
                0x0000000008004e20       0x28 ./src/probe.o
                0x0000000008004e20                probe_configure_invert_mask
 .text.probe_get_state
                0x0000000008004e48       0x20 ./src/probe.o
                0x0000000008004e48                probe_get_state
 .text.probe_state_monitor
                0x0000000008004e68       0x48 ./src/probe.o
                0x0000000008004e68                probe_state_monitor
 .text.protocol_auto_cycle_start
                0x0000000008004eb0       0x14 ./src/protocol.o
                0x0000000008004eb0                protocol_auto_cycle_start
 .text.protocol_exec_rt_system
                0x0000000008004ec4      0x3cc ./src/protocol.o
                0x0000000008004ec4                protocol_exec_rt_system
 .text.protocol_exec_rt_suspend
                0x0000000008005290      0x258 ./src/protocol.o
 .text.protocol_execute_realtime
                0x00000000080054e8       0x1c ./src/protocol.o
                0x00000000080054e8                protocol_execute_realtime
 .text.protocol_main_loop
                0x0000000008005504      0x170 ./src/protocol.o
                0x0000000008005504                protocol_main_loop
 .text.protocol_buffer_synchronize
                0x0000000008005674       0x38 ./src/protocol.o
                0x0000000008005674                protocol_buffer_synchronize
 .text.report_status_message
                0x00000000080056ac       0x30 ./src/report.o
                0x00000000080056ac                report_status_message
 .text.report_alarm_message
                0x00000000080056dc       0x2c ./src/report.o
                0x00000000080056dc                report_alarm_message
 .text.report_feedback_message
                0x0000000008005708       0xbc ./src/report.o
                0x0000000008005708                report_feedback_message
 .text.report_init_message
                0x00000000080057c4        0xc ./src/report.o
                0x00000000080057c4                report_init_message
 .text.report_grbl_help
                0x00000000080057d0       0x1c ./src/report.o
                0x00000000080057d0                report_grbl_help
 .text.report_grbl_settings
                0x00000000080057ec      0x3e0 ./src/report.o
                0x00000000080057ec                report_grbl_settings
 .text.report_probe_parameters
                0x0000000008005bcc       0x5c ./src/report.o
                0x0000000008005bcc                report_probe_parameters
 .text.report_ngc_parameters
                0x0000000008005c28      0x158 ./src/report.o
                0x0000000008005c28                report_ngc_parameters
 .text.report_gcode_modes
                0x0000000008005d80      0x174 ./src/report.o
                0x0000000008005d80                report_gcode_modes
 .text.report_startup_line
                0x0000000008005ef4       0x30 ./src/report.o
                0x0000000008005ef4                report_startup_line
 .text.report_execute_startup_message
                0x0000000008005f24       0x48 ./src/report.o
                0x0000000008005f24                report_execute_startup_message
 .text.report_build_info
                0x0000000008005f6c       0x64 ./src/report.o
                0x0000000008005f6c                report_build_info
 .text.report_realtime_status
                0x0000000008005fd0      0x3ec ./src/report.o
                0x0000000008005fd0                report_realtime_status
 .text.serial_get_rx_buffer_available
                0x00000000080063bc       0x24 ./src/serial.o
                0x00000000080063bc                serial_get_rx_buffer_available
 .text.serial_init
                0x00000000080063e0        0x4 ./src/serial.o
                0x00000000080063e0                serial_init
 .text.serial_write
                0x00000000080063e4       0x58 ./src/serial.o
                0x00000000080063e4                serial_write
 .text.serial_read
                0x000000000800643c       0x30 ./src/serial.o
                0x000000000800643c                serial_read
 .text.OnUsbDataRx
                0x000000000800646c      0x1a0 ./src/serial.o
                0x000000000800646c                OnUsbDataRx
 .text.serial_reset_read_buffer
                0x000000000800660c       0x14 ./src/serial.o
                0x000000000800660c                serial_reset_read_buffer
 .text.settings_store_startup_line
                0x0000000008006620       0x24 ./src/settings.o
                0x0000000008006620                settings_store_startup_line
 .text.settings_store_build_info
                0x0000000008006644        0xc ./src/settings.o
                0x0000000008006644                settings_store_build_info
 .text.settings_write_coord_data
                0x0000000008006650       0x20 ./src/settings.o
                0x0000000008006650                settings_write_coord_data
 .text.settings_restore
                0x0000000008006670      0x134 ./src/settings.o
                0x0000000008006670                settings_restore
 .text.settings_read_startup_line
                0x00000000080067a4       0x38 ./src/settings.o
                0x00000000080067a4                settings_read_startup_line
 .text.settings_read_build_info
                0x00000000080067dc       0x28 ./src/settings.o
                0x00000000080067dc                settings_read_build_info
 .text.settings_read_coord_data
                0x0000000008006804       0x3c ./src/settings.o
                0x0000000008006804                settings_read_coord_data
 .text.settings_store_global_setting
                0x0000000008006840      0x2bc ./src/settings.o
                0x0000000008006840                settings_store_global_setting
 .text.settings_init
                0x0000000008006afc       0x34 ./src/settings.o
                0x0000000008006afc                settings_init
 .text.spindle_init
                0x0000000008006b30      0x11c ./src/spindle_control.o
                0x0000000008006b30                spindle_init
 .text.spindle_get_state
                0x0000000008006c4c       0x1c ./src/spindle_control.o
                0x0000000008006c4c                spindle_get_state
 .text.spindle_stop
                0x0000000008006c68       0x20 ./src/spindle_control.o
                0x0000000008006c68                spindle_stop
 .text.spindle_set_speed
                0x0000000008006c88       0x14 ./src/spindle_control.o
                0x0000000008006c88                spindle_set_speed
 .text.spindle_compute_pwm_value
                0x0000000008006c9c       0x8c ./src/spindle_control.o
                0x0000000008006c9c                spindle_compute_pwm_value
 .text.spindle_set_state
                0x0000000008006d28      0x118 ./src/spindle_control.o
                0x0000000008006d28                spindle_set_state
 .text.spindle_sync
                0x0000000008006e40      0x11c ./src/spindle_control.o
                0x0000000008006e40                spindle_sync
 .text.Reset_Handler
                0x0000000008006f5c       0x50 ./src/startup_stm32f10x_md.o
                0x0000000008006f5c                Reset_Handler
 .text.Default_Handler
                0x0000000008006fac        0x2 ./src/startup_stm32f10x_md.o
                0x0000000008006fac                EXTI2_IRQHandler
                0x0000000008006fac                TIM1_CC_IRQHandler
                0x0000000008006fac                SysTick_Handler
                0x0000000008006fac                PVD_IRQHandler
                0x0000000008006fac                EXTI3_IRQHandler
                0x0000000008006fac                EXTI0_IRQHandler
                0x0000000008006fac                I2C2_EV_IRQHandler
                0x0000000008006fac                ADC1_2_IRQHandler
                0x0000000008006fac                SPI1_IRQHandler
                0x0000000008006fac                TAMPER_IRQHandler
                0x0000000008006fac                DMA1_Channel4_IRQHandler
                0x0000000008006fac                USART3_IRQHandler
                0x0000000008006fac                RTC_IRQHandler
                0x0000000008006fac                DMA1_Channel7_IRQHandler
                0x0000000008006fac                CAN1_RX1_IRQHandler
                0x0000000008006fac                TIM4_IRQHandler
                0x0000000008006fac                I2C1_EV_IRQHandler
                0x0000000008006fac                DMA1_Channel6_IRQHandler
                0x0000000008006fac                RCC_IRQHandler
                0x0000000008006fac                TIM1_TRG_COM_IRQHandler
                0x0000000008006fac                DMA1_Channel1_IRQHandler
                0x0000000008006fac                Default_Handler
                0x0000000008006fac                SPI2_IRQHandler
                0x0000000008006fac                DMA1_Channel5_IRQHandler
                0x0000000008006fac                EXTI4_IRQHandler
                0x0000000008006fac                USB_HP_CAN1_TX_IRQHandler
                0x0000000008006fac                DMA1_Channel3_IRQHandler
                0x0000000008006fac                TIM1_UP_IRQHandler
                0x0000000008006fac                WWDG_IRQHandler
                0x0000000008006fac                TIM1_BRK_IRQHandler
                0x0000000008006fac                EXTI1_IRQHandler
                0x0000000008006fac                RTCAlarm_IRQHandler
                0x0000000008006fac                USART2_IRQHandler
                0x0000000008006fac                I2C2_ER_IRQHandler
                0x0000000008006fac                DMA1_Channel2_IRQHandler
                0x0000000008006fac                CAN1_SCE_IRQHandler
                0x0000000008006fac                FLASH_IRQHandler
                0x0000000008006fac                USART1_IRQHandler
                0x0000000008006fac                I2C1_ER_IRQHandler
                0x0000000008006fac                USBWakeUp_IRQHandler
 *fill*         0x0000000008006fae        0x2 
 .text.st_wake_up
                0x0000000008006fb0       0x8c ./src/stepper.o
                0x0000000008006fb0                st_wake_up
 .text.st_go_idle
                0x000000000800703c       0x80 ./src/stepper.o
                0x000000000800703c                st_go_idle
 .text.TIM2_IRQHandler
                0x00000000080070bc      0x238 ./src/stepper.o
                0x00000000080070bc                TIM2_IRQHandler
 .text.TIM3_IRQHandler
                0x00000000080072f4       0x3c ./src/stepper.o
                0x00000000080072f4                TIM3_IRQHandler
 .text.st_generate_step_dir_invert_masks
                0x0000000008007330       0x6c ./src/stepper.o
                0x0000000008007330                st_generate_step_dir_invert_masks
 .text.st_reset
                0x000000000800739c       0xe8 ./src/stepper.o
                0x000000000800739c                st_reset
 .text.stepper_init
                0x0000000008007484      0x168 ./src/stepper.o
                0x0000000008007484                stepper_init
 .text.st_update_plan_block_parameters
                0x00000000080075ec       0x2c ./src/stepper.o
                0x00000000080075ec                st_update_plan_block_parameters
 .text.st_prep_buffer
                0x0000000008007618      0x9dc ./src/stepper.o
                0x0000000008007618                st_prep_buffer
 .text.st_get_realtime_rate
                0x0000000008007ff4       0x1c ./src/stepper.o
                0x0000000008007ff4                st_get_realtime_rate
 .text.system_init
                0x0000000008008010       0x7c ./src/system.o
                0x0000000008008010                system_init
 .text.system_control_get_state
                0x000000000800808c       0x2c ./src/system.o
                0x000000000800808c                system_control_get_state
 .text.EXTI9_5_IRQHandler
                0x00000000080080b8       0x58 ./src/system.o
                0x00000000080080b8                EXTI9_5_IRQHandler
 .text.system_check_safety_door_ajar
                0x0000000008008110        0x4 ./src/system.o
                0x0000000008008110                system_check_safety_door_ajar
 .text.system_execute_startup
                0x0000000008008114       0x48 ./src/system.o
                0x0000000008008114                system_execute_startup
 .text.system_execute_line
                0x000000000800815c      0x350 ./src/system.o
                0x000000000800815c                system_execute_line
 .text.system_flag_wco_change
                0x00000000080084ac       0x14 ./src/system.o
                0x00000000080084ac                system_flag_wco_change
 .text.system_convert_array_steps_to_mpos
                0x00000000080084c0       0x4c ./src/system.o
                0x00000000080084c0                system_convert_array_steps_to_mpos
 .text.system_check_travel_limits
                0x000000000800850c       0x6c ./src/system.o
                0x000000000800850c                system_check_travel_limits
 .text.system_set_exec_state_flag
                0x0000000008008578       0x14 ./src/system.o
                0x0000000008008578                system_set_exec_state_flag
 .text.system_clear_exec_state_flag
                0x000000000800858c       0x14 ./src/system.o
                0x000000000800858c                system_clear_exec_state_flag
 .text.system_set_exec_alarm
                0x00000000080085a0       0x10 ./src/system.o
                0x00000000080085a0                system_set_exec_alarm
 .text.system_clear_exec_alarm
                0x00000000080085b0       0x10 ./src/system.o
                0x00000000080085b0                system_clear_exec_alarm
 .text.system_set_exec_motion_override_flag
                0x00000000080085c0       0x14 ./src/system.o
                0x00000000080085c0                system_set_exec_motion_override_flag
 .text.system_set_exec_accessory_override_flag
                0x00000000080085d4       0x14 ./src/system.o
                0x00000000080085d4                system_set_exec_accessory_override_flag
 .text.system_clear_exec_motion_overrides
                0x00000000080085e8       0x10 ./src/system.o
                0x00000000080085e8                system_clear_exec_motion_overrides
 .text.system_clear_exec_accessory_overrides
                0x00000000080085f8       0x10 ./src/system.o
                0x00000000080085f8                system_clear_exec_accessory_overrides
 .text.SystemInit
                0x0000000008008608      0x100 ./src/system_stm32f10x.o
                0x0000000008008608                SystemInit
 .text.Standard_GetConfiguration
                0x0000000008008708       0x28 ./stm_usb_fs_lib/src/usb_core.o
                0x0000000008008708                Standard_GetConfiguration
 .text.Standard_GetInterface
                0x0000000008008730       0x28 ./stm_usb_fs_lib/src/usb_core.o
                0x0000000008008730                Standard_GetInterface
 .text.Standard_GetStatus
                0x0000000008008758       0x90 ./stm_usb_fs_lib/src/usb_core.o
                0x0000000008008758                Standard_GetStatus
 .text.DataStageIn
                0x00000000080087e8       0xb4 ./stm_usb_fs_lib/src/usb_core.o
 .text.Standard_SetInterface
                0x000000000800889c       0x4c ./stm_usb_fs_lib/src/usb_core.o
                0x000000000800889c                Standard_SetInterface
 .text.Standard_ClearFeature
                0x00000000080088e8       0xe0 ./stm_usb_fs_lib/src/usb_core.o
                0x00000000080088e8                Standard_ClearFeature
 .text.Standard_SetEndPointFeature
                0x00000000080089c8       0x94 ./stm_usb_fs_lib/src/usb_core.o
                0x00000000080089c8                Standard_SetEndPointFeature
 .text.Standard_GetDescriptorData
                0x0000000008008a5c       0x1c ./stm_usb_fs_lib/src/usb_core.o
                0x0000000008008a5c                Standard_GetDescriptorData
 .text.Setup0_Process
                0x0000000008008a78      0x3c0 ./stm_usb_fs_lib/src/usb_core.o
                0x0000000008008a78                Setup0_Process
 .text.In0_Process
                0x0000000008008e38       0xcc ./stm_usb_fs_lib/src/usb_core.o
                0x0000000008008e38                In0_Process
 .text.Out0_Process
                0x0000000008008f04      0x118 ./stm_usb_fs_lib/src/usb_core.o
                0x0000000008008f04                Out0_Process
 .text.SetDeviceAddress
                0x000000000800901c       0x44 ./stm_usb_fs_lib/src/usb_core.o
                0x000000000800901c                SetDeviceAddress
 .text.NOP_Process
                0x0000000008009060        0x4 ./stm_usb_fs_lib/src/usb_core.o
                0x0000000008009060                NOP_Process
 .text.USB_Init
                0x0000000008009064       0x38 ./stm_usb_fs_lib/src/usb_init.o
                0x0000000008009064                USB_Init
 .text.CTR_LP   0x000000000800909c      0x1a8 ./stm_usb_fs_lib/src/usb_int.o
                0x000000000800909c                CTR_LP
 .text.UserToPMABufferCopy
                0x0000000008009244       0x20 ./stm_usb_fs_lib/src/usb_mem.o
                0x0000000008009244                UserToPMABufferCopy
 .text.PMAToUserBufferCopy
                0x0000000008009264       0x24 ./stm_usb_fs_lib/src/usb_mem.o
                0x0000000008009264                PMAToUserBufferCopy
 .text.SetBTABLE
                0x0000000008009288       0x14 ./stm_usb_fs_lib/src/usb_regs.o
                0x0000000008009288                SetBTABLE
 .text.SetEPType
                0x000000000800929c       0x1c ./stm_usb_fs_lib/src/usb_regs.o
                0x000000000800929c                SetEPType
 .text.SetEPTxStatus
                0x00000000080092b8       0x34 ./stm_usb_fs_lib/src/usb_regs.o
                0x00000000080092b8                SetEPTxStatus
 .text.SetEPRxStatus
                0x00000000080092ec       0x34 ./stm_usb_fs_lib/src/usb_regs.o
                0x00000000080092ec                SetEPRxStatus
 .text.SetEPTxValid
                0x0000000008009320       0x28 ./stm_usb_fs_lib/src/usb_regs.o
                0x0000000008009320                SetEPTxValid
 .text.SetEPRxValid
                0x0000000008009348       0x28 ./stm_usb_fs_lib/src/usb_regs.o
                0x0000000008009348                SetEPRxValid
 .text.Clear_Status_Out
                0x0000000008009370       0x20 ./stm_usb_fs_lib/src/usb_regs.o
                0x0000000008009370                Clear_Status_Out
 .text.ClearDTOG_RX
                0x0000000008009390       0x24 ./stm_usb_fs_lib/src/usb_regs.o
                0x0000000008009390                ClearDTOG_RX
 .text.ClearDTOG_TX
                0x00000000080093b4       0x24 ./stm_usb_fs_lib/src/usb_regs.o
                0x00000000080093b4                ClearDTOG_TX
 .text.SetEPTxAddr
                0x00000000080093d8       0x24 ./stm_usb_fs_lib/src/usb_regs.o
                0x00000000080093d8                SetEPTxAddr
 .text.SetEPRxAddr
                0x00000000080093fc       0x24 ./stm_usb_fs_lib/src/usb_regs.o
                0x00000000080093fc                SetEPRxAddr
 .text.GetEPTxAddr
                0x0000000008009420       0x20 ./stm_usb_fs_lib/src/usb_regs.o
                0x0000000008009420                GetEPTxAddr
 .text.GetEPRxAddr
                0x0000000008009440       0x20 ./stm_usb_fs_lib/src/usb_regs.o
                0x0000000008009440                GetEPRxAddr
 .text.SetEPTxCount
                0x0000000008009460       0x20 ./stm_usb_fs_lib/src/usb_regs.o
                0x0000000008009460                SetEPTxCount
 .text.SetEPRxCount
                0x0000000008009480       0x44 ./stm_usb_fs_lib/src/usb_regs.o
                0x0000000008009480                SetEPRxCount
 .text.GetEPRxCount
                0x00000000080094c4       0x24 ./stm_usb_fs_lib/src/usb_regs.o
                0x00000000080094c4                GetEPRxCount
 .text.ByteSwap
                0x00000000080094e8        0x8 ./stm_usb_fs_lib/src/usb_regs.o
                0x00000000080094e8                ByteSwap
 .text.USB_SIL_Init
                0x00000000080094f0       0x20 ./stm_usb_fs_lib/src/usb_sil.o
                0x00000000080094f0                USB_SIL_Init
 .text.USB_SIL_Read
                0x0000000008009510       0x24 ./stm_usb_fs_lib/src/usb_sil.o
                0x0000000008009510                USB_SIL_Read
 .text.Set_USBClock
                0x0000000008009534       0x18 ./usb/hw_config.o
                0x0000000008009534                Set_USBClock
 .text.USB_Interrupts_Config
                0x000000000800954c       0x20 ./usb/hw_config.o
                0x000000000800954c                USB_Interrupts_Config
 .text.USB_Cable_Config
                0x000000000800956c        0x4 ./usb/hw_config.o
                0x000000000800956c                USB_Cable_Config
 .text.Get_SerialNum
                0x0000000008009570      0x114 ./usb/hw_config.o
                0x0000000008009570                Get_SerialNum
 .text.EP1_IN_Callback.part.0
                0x0000000008009684       0xcc ./usb/usb_endp.o
 .text.EP3_OUT_Callback
                0x0000000008009750       0x24 ./usb/usb_endp.o
                0x0000000008009750                EP3_OUT_Callback
 .text.EP1_IN_Callback
                0x0000000008009774       0x18 ./usb/usb_endp.o
                0x0000000008009774                EP1_IN_Callback
 .text.SOF_Callback
                0x000000000800978c       0x24 ./usb/usb_endp.o
                0x000000000800978c                SOF_Callback
 .text.USB_Istr
                0x00000000080097b0       0x78 ./usb/usb_istr.o
                0x00000000080097b0                USB_Istr
 .text.Virtual_Com_Port_SetConfiguration
                0x0000000008009828       0x18 ./usb/usb_prop.o
                0x0000000008009828                Virtual_Com_Port_SetConfiguration
 .text.Virtual_Com_Port_SetDeviceAddress
                0x0000000008009840        0xc ./usb/usb_prop.o
                0x0000000008009840                Virtual_Com_Port_SetDeviceAddress
 .text.Virtual_Com_Port_Status_In
                0x000000000800984c       0x14 ./usb/usb_prop.o
                0x000000000800984c                Virtual_Com_Port_Status_In
 .text.Virtual_Com_Port_Status_Out
                0x0000000008009860        0x4 ./usb/usb_prop.o
                0x0000000008009860                Virtual_Com_Port_Status_Out
 .text.Virtual_Com_Port_Data_Setup
                0x0000000008009864       0x5c ./usb/usb_prop.o
                0x0000000008009864                Virtual_Com_Port_Data_Setup
 .text.Virtual_Com_Port_Get_Interface_Setting
                0x00000000080098c0       0x10 ./usb/usb_prop.o
                0x00000000080098c0                Virtual_Com_Port_Get_Interface_Setting
 .text.Virtual_Com_Port_GetLineCoding
                0x00000000080098d0       0x18 ./usb/usb_prop.o
                0x00000000080098d0                Virtual_Com_Port_GetLineCoding
 .text.Virtual_Com_Port_init
                0x00000000080098e8       0x24 ./usb/usb_prop.o
                0x00000000080098e8                Virtual_Com_Port_init
 .text.Virtual_Com_Port_Reset
                0x000000000800990c       0xe0 ./usb/usb_prop.o
                0x000000000800990c                Virtual_Com_Port_Reset
 .text.Virtual_Com_Port_GetDeviceDescriptor
                0x00000000080099ec        0xc ./usb/usb_prop.o
                0x00000000080099ec                Virtual_Com_Port_GetDeviceDescriptor
 .text.Virtual_Com_Port_GetConfigDescriptor
                0x00000000080099f8        0xc ./usb/usb_prop.o
                0x00000000080099f8                Virtual_Com_Port_GetConfigDescriptor
 .text.Virtual_Com_Port_GetStringDescriptor
                0x0000000008009a04       0x20 ./usb/usb_prop.o
                0x0000000008009a04                Virtual_Com_Port_GetStringDescriptor
 .text.Virtual_Com_Port_NoData_Setup
                0x0000000008009a24       0x24 ./usb/usb_prop.o
                0x0000000008009a24                Virtual_Com_Port_NoData_Setup
 .text.Virtual_Com_Port_SetLineCoding
                0x0000000008009a48       0x18 ./usb/usb_prop.o
                0x0000000008009a48                Virtual_Com_Port_SetLineCoding
 .text.PowerOn  0x0000000008009a60       0x30 ./usb/usb_pwr.o
                0x0000000008009a60                PowerOn
 .text.NMI_Handler
                0x0000000008009a90        0x4 ./util/stm32f10x_it.o
                0x0000000008009a90                NMI_Handler
 .text.HardFault_Handler
                0x0000000008009a94        0x4 ./util/stm32f10x_it.o
                0x0000000008009a94                HardFault_Handler
 .text.MemManage_Handler
                0x0000000008009a98        0x4 ./util/stm32f10x_it.o
                0x0000000008009a98                MemManage_Handler
 .text.BusFault_Handler
                0x0000000008009a9c        0x4 ./util/stm32f10x_it.o
                0x0000000008009a9c                BusFault_Handler
 .text.UsageFault_Handler
                0x0000000008009aa0        0x4 ./util/stm32f10x_it.o
                0x0000000008009aa0                UsageFault_Handler
 .text.SVC_Handler
                0x0000000008009aa4        0x4 ./util/stm32f10x_it.o
                0x0000000008009aa4                SVC_Handler
 .text.DebugMon_Handler
                0x0000000008009aa8        0x4 ./util/stm32f10x_it.o
                0x0000000008009aa8                DebugMon_Handler
 .text.PendSV_Handler
                0x0000000008009aac        0x4 ./util/stm32f10x_it.o
                0x0000000008009aac                PendSV_Handler
 .text.USB_LP_CAN1_RX0_IRQHandler
                0x0000000008009ab0        0x4 ./util/stm32f10x_it.o
                0x0000000008009ab0                USB_LP_CAN1_RX0_IRQHandler
 .text.__libc_init_array
                0x0000000008009ab4       0x48 c:/st/stm32cubeide_1.8.0/stm32cubeide/plugins/com.st.stm32cube.ide.mcu.externaltools.gnu-tools-for-stm32.10.3-2021.10.win32_1.0.0.202111181127/tools/bin/../lib/gcc/arm-none-eabi/10.3.1/../../../../arm-none-eabi/lib/thumb/v7-m/nofp\libc.a(lib_a-init.o)
                0x0000000008009ab4                __libc_init_array
 .text.memcmp   0x0000000008009afc       0x20 c:/st/stm32cubeide_1.8.0/stm32cubeide/plugins/com.st.stm32cube.ide.mcu.externaltools.gnu-tools-for-stm32.10.3-2021.10.win32_1.0.0.202111181127/tools/bin/../lib/gcc/arm-none-eabi/10.3.1/../../../../arm-none-eabi/lib/thumb/v7-m/nofp\libc.a(lib_a-memcmp.o)
                0x0000000008009afc                memcmp
 .text.memset   0x0000000008009b1c       0x10 c:/st/stm32cubeide_1.8.0/stm32cubeide/plugins/com.st.stm32cube.ide.mcu.externaltools.gnu-tools-for-stm32.10.3-2021.10.win32_1.0.0.202111181127/tools/bin/../lib/gcc/arm-none-eabi/10.3.1/../../../../arm-none-eabi/lib/thumb/v7-m/nofp\libc.a(lib_a-memset.o)
                0x0000000008009b1c                memset
 .text.startup.register_fini
                0x0000000008009b2c       0x14 c:/st/stm32cubeide_1.8.0/stm32cubeide/plugins/com.st.stm32cube.ide.mcu.externaltools.gnu-tools-for-stm32.10.3-2021.10.win32_1.0.0.202111181127/tools/bin/../lib/gcc/arm-none-eabi/10.3.1/../../../../arm-none-eabi/lib/thumb/v7-m/nofp\libc.a(lib_a-__call_atexit.o)
 .text.atexit   0x0000000008009b40        0xc c:/st/stm32cubeide_1.8.0/stm32cubeide/plugins/com.st.stm32cube.ide.mcu.externaltools.gnu-tools-for-stm32.10.3-2021.10.win32_1.0.0.202111181127/tools/bin/../lib/gcc/arm-none-eabi/10.3.1/../../../../arm-none-eabi/lib/thumb/v7-m/nofp\libc.a(lib_a-atexit.o)
                0x0000000008009b40                atexit
 .text.__libc_fini_array
                0x0000000008009b4c       0x28 c:/st/stm32cubeide_1.8.0/stm32cubeide/plugins/com.st.stm32cube.ide.mcu.externaltools.gnu-tools-for-stm32.10.3-2021.10.win32_1.0.0.202111181127/tools/bin/../lib/gcc/arm-none-eabi/10.3.1/../../../../arm-none-eabi/lib/thumb/v7-m/nofp\libc.a(lib_a-fini.o)
                0x0000000008009b4c                __libc_fini_array
 .text.__retarget_lock_acquire_recursive
                0x0000000008009b74        0x2 c:/st/stm32cubeide_1.8.0/stm32cubeide/plugins/com.st.stm32cube.ide.mcu.externaltools.gnu-tools-for-stm32.10.3-2021.10.win32_1.0.0.202111181127/tools/bin/../lib/gcc/arm-none-eabi/10.3.1/../../../../arm-none-eabi/lib/thumb/v7-m/nofp\libc.a(lib_a-lock.o)
                0x0000000008009b74                __retarget_lock_acquire_recursive
 .text.__retarget_lock_release_recursive
                0x0000000008009b76        0x2 c:/st/stm32cubeide_1.8.0/stm32cubeide/plugins/com.st.stm32cube.ide.mcu.externaltools.gnu-tools-for-stm32.10.3-2021.10.win32_1.0.0.202111181127/tools/bin/../lib/gcc/arm-none-eabi/10.3.1/../../../../arm-none-eabi/lib/thumb/v7-m/nofp\libc.a(lib_a-lock.o)
                0x0000000008009b76                __retarget_lock_release_recursive
 .text.__register_exitproc
                0x0000000008009b78       0x84 c:/st/stm32cubeide_1.8.0/stm32cubeide/plugins/com.st.stm32cube.ide.mcu.externaltools.gnu-tools-for-stm32.10.3-2021.10.win32_1.0.0.202111181127/tools/bin/../lib/gcc/arm-none-eabi/10.3.1/../../../../arm-none-eabi/lib/thumb/v7-m/nofp\libc.a(lib_a-__atexit.o)
                0x0000000008009b78                __register_exitproc
 .text.ceilf    0x0000000008009bfc       0x80 c:/st/stm32cubeide_1.8.0/stm32cubeide/plugins/com.st.stm32cube.ide.mcu.externaltools.gnu-tools-for-stm32.10.3-2021.10.win32_1.0.0.202111181127/tools/bin/../lib/gcc/arm-none-eabi/10.3.1/../../../../arm-none-eabi/lib/thumb/v7-m/nofp\libm.a(lib_a-sf_ceil.o)
                0x0000000008009bfc                ceilf
 .text.cosf     0x0000000008009c7c       0x70 c:/st/stm32cubeide_1.8.0/stm32cubeide/plugins/com.st.stm32cube.ide.mcu.externaltools.gnu-tools-for-stm32.10.3-2021.10.win32_1.0.0.202111181127/tools/bin/../lib/gcc/arm-none-eabi/10.3.1/../../../../arm-none-eabi/lib/thumb/v7-m/nofp\libm.a(lib_a-sf_cos.o)
                0x0000000008009c7c                cosf
 .text.floorf   0x0000000008009cec       0x84 c:/st/stm32cubeide_1.8.0/stm32cubeide/plugins/com.st.stm32cube.ide.mcu.externaltools.gnu-tools-for-stm32.10.3-2021.10.win32_1.0.0.202111181127/tools/bin/../lib/gcc/arm-none-eabi/10.3.1/../../../../arm-none-eabi/lib/thumb/v7-m/nofp\libm.a(lib_a-sf_floor.o)
                0x0000000008009cec                floorf
 .text.lroundf  0x0000000008009d70       0x58 c:/st/stm32cubeide_1.8.0/stm32cubeide/plugins/com.st.stm32cube.ide.mcu.externaltools.gnu-tools-for-stm32.10.3-2021.10.win32_1.0.0.202111181127/tools/bin/../lib/gcc/arm-none-eabi/10.3.1/../../../../arm-none-eabi/lib/thumb/v7-m/nofp\libm.a(lib_a-sf_lround.o)
                0x0000000008009d70                lroundf
 .text.sinf     0x0000000008009dc8       0x74 c:/st/stm32cubeide_1.8.0/stm32cubeide/plugins/com.st.stm32cube.ide.mcu.externaltools.gnu-tools-for-stm32.10.3-2021.10.win32_1.0.0.202111181127/tools/bin/../lib/gcc/arm-none-eabi/10.3.1/../../../../arm-none-eabi/lib/thumb/v7-m/nofp\libm.a(lib_a-sf_sin.o)
                0x0000000008009dc8                sinf
 .text.atan2f   0x0000000008009e3c        0x4 c:/st/stm32cubeide_1.8.0/stm32cubeide/plugins/com.st.stm32cube.ide.mcu.externaltools.gnu-tools-for-stm32.10.3-2021.10.win32_1.0.0.202111181127/tools/bin/../lib/gcc/arm-none-eabi/10.3.1/../../../../arm-none-eabi/lib/thumb/v7-m/nofp\libm.a(lib_a-wf_atan2.o)
                0x0000000008009e3c                atan2f
 .text.sqrtf    0x0000000008009e40       0x34 c:/st/stm32cubeide_1.8.0/stm32cubeide/plugins/com.st.stm32cube.ide.mcu.externaltools.gnu-tools-for-stm32.10.3-2021.10.win32_1.0.0.202111181127/tools/bin/../lib/gcc/arm-none-eabi/10.3.1/../../../../arm-none-eabi/lib/thumb/v7-m/nofp\libm.a(lib_a-wf_sqrt.o)
                0x0000000008009e40                sqrtf
 .text.__ieee754_atan2f
                0x0000000008009e74      0x10c c:/st/stm32cubeide_1.8.0/stm32cubeide/plugins/com.st.stm32cube.ide.mcu.externaltools.gnu-tools-for-stm32.10.3-2021.10.win32_1.0.0.202111181127/tools/bin/../lib/gcc/arm-none-eabi/10.3.1/../../../../arm-none-eabi/lib/thumb/v7-m/nofp\libm.a(lib_a-ef_atan2.o)
                0x0000000008009e74                __ieee754_atan2f
 .text.__ieee754_rem_pio2f
                0x0000000008009f80      0x2bc c:/st/stm32cubeide_1.8.0/stm32cubeide/plugins/com.st.stm32cube.ide.mcu.externaltools.gnu-tools-for-stm32.10.3-2021.10.win32_1.0.0.202111181127/tools/bin/../lib/gcc/arm-none-eabi/10.3.1/../../../../arm-none-eabi/lib/thumb/v7-m/nofp\libm.a(lib_a-ef_rem_pio2.o)
                0x0000000008009f80                __ieee754_rem_pio2f
 .text.__ieee754_sqrtf
                0x000000000800a23c       0xa2 c:/st/stm32cubeide_1.8.0/stm32cubeide/plugins/com.st.stm32cube.ide.mcu.externaltools.gnu-tools-for-stm32.10.3-2021.10.win32_1.0.0.202111181127/tools/bin/../lib/gcc/arm-none-eabi/10.3.1/../../../../arm-none-eabi/lib/thumb/v7-m/nofp\libm.a(lib_a-ef_sqrt.o)
                0x000000000800a23c                __ieee754_sqrtf
 *fill*         0x000000000800a2de        0x2 
 .text.__kernel_cosf
                0x000000000800a2e0      0x100 c:/st/stm32cubeide_1.8.0/stm32cubeide/plugins/com.st.stm32cube.ide.mcu.externaltools.gnu-tools-for-stm32.10.3-2021.10.win32_1.0.0.202111181127/tools/bin/../lib/gcc/arm-none-eabi/10.3.1/../../../../arm-none-eabi/lib/thumb/v7-m/nofp\libm.a(lib_a-kf_cos.o)
                0x000000000800a2e0                __kernel_cosf
 .text.__kernel_rem_pio2f
                0x000000000800a3e0      0x564 c:/st/stm32cubeide_1.8.0/stm32cubeide/plugins/com.st.stm32cube.ide.mcu.externaltools.gnu-tools-for-stm32.10.3-2021.10.win32_1.0.0.202111181127/tools/bin/../lib/gcc/arm-none-eabi/10.3.1/../../../../arm-none-eabi/lib/thumb/v7-m/nofp\libm.a(lib_a-kf_rem_pio2.o)
                0x000000000800a3e0                __kernel_rem_pio2f
 .text.__kernel_sinf
                0x000000000800a944       0xec c:/st/stm32cubeide_1.8.0/stm32cubeide/plugins/com.st.stm32cube.ide.mcu.externaltools.gnu-tools-for-stm32.10.3-2021.10.win32_1.0.0.202111181127/tools/bin/../lib/gcc/arm-none-eabi/10.3.1/../../../../arm-none-eabi/lib/thumb/v7-m/nofp\libm.a(lib_a-kf_sin.o)
                0x000000000800a944                __kernel_sinf
 .text.atanf    0x000000000800aa30      0x218 c:/st/stm32cubeide_1.8.0/stm32cubeide/plugins/com.st.stm32cube.ide.mcu.externaltools.gnu-tools-for-stm32.10.3-2021.10.win32_1.0.0.202111181127/tools/bin/../lib/gcc/arm-none-eabi/10.3.1/../../../../arm-none-eabi/lib/thumb/v7-m/nofp\libm.a(lib_a-sf_atan.o)
                0x000000000800aa30                atanf
 .text.fabsf    0x000000000800ac48        0x6 c:/st/stm32cubeide_1.8.0/stm32cubeide/plugins/com.st.stm32cube.ide.mcu.externaltools.gnu-tools-for-stm32.10.3-2021.10.win32_1.0.0.202111181127/tools/bin/../lib/gcc/arm-none-eabi/10.3.1/../../../../arm-none-eabi/lib/thumb/v7-m/nofp\libm.a(lib_a-sf_fabs.o)
                0x000000000800ac48                fabsf
 *fill*         0x000000000800ac4e        0x2 
 .text.scalbnf  0x000000000800ac50       0x98 c:/st/stm32cubeide_1.8.0/stm32cubeide/plugins/com.st.stm32cube.ide.mcu.externaltools.gnu-tools-for-stm32.10.3-2021.10.win32_1.0.0.202111181127/tools/bin/../lib/gcc/arm-none-eabi/10.3.1/../../../../arm-none-eabi/lib/thumb/v7-m/nofp\libm.a(lib_a-sf_scalbn.o)
                0x000000000800ac50                scalbnf
 .text.__errno  0x000000000800ace8        0xc c:/st/stm32cubeide_1.8.0/stm32cubeide/plugins/com.st.stm32cube.ide.mcu.externaltools.gnu-tools-for-stm32.10.3-2021.10.win32_1.0.0.202111181127/tools/bin/../lib/gcc/arm-none-eabi/10.3.1/../../../../arm-none-eabi/lib/thumb/v7-m/nofp\libc.a(lib_a-errno.o)
                0x000000000800ace8                __errno
 *(.glue_7)
 .glue_7        0x000000000800acf4        0x0 linker stubs
 *(.glue_7t)
 .glue_7t       0x000000000800acf4        0x0 linker stubs
 *(.eh_frame)
 .eh_frame      0x000000000800acf4        0x0 c:/st/stm32cubeide_1.8.0/stm32cubeide/plugins/com.st.stm32cube.ide.mcu.externaltools.gnu-tools-for-stm32.10.3-2021.10.win32_1.0.0.202111181127/tools/bin/../lib/gcc/arm-none-eabi/10.3.1/thumb/v7-m/nofp/crtbegin.o
 *(.init)
 .init          0x000000000800acf4        0x4 c:/st/stm32cubeide_1.8.0/stm32cubeide/plugins/com.st.stm32cube.ide.mcu.externaltools.gnu-tools-for-stm32.10.3-2021.10.win32_1.0.0.202111181127/tools/bin/../lib/gcc/arm-none-eabi/10.3.1/thumb/v7-m/nofp/crti.o
                0x000000000800acf4                _init
 .init          0x000000000800acf8        0x8 c:/st/stm32cubeide_1.8.0/stm32cubeide/plugins/com.st.stm32cube.ide.mcu.externaltools.gnu-tools-for-stm32.10.3-2021.10.win32_1.0.0.202111181127/tools/bin/../lib/gcc/arm-none-eabi/10.3.1/thumb/v7-m/nofp/crtn.o
 *(.fini)
 .fini          0x000000000800ad00        0x4 c:/st/stm32cubeide_1.8.0/stm32cubeide/plugins/com.st.stm32cube.ide.mcu.externaltools.gnu-tools-for-stm32.10.3-2021.10.win32_1.0.0.202111181127/tools/bin/../lib/gcc/arm-none-eabi/10.3.1/thumb/v7-m/nofp/crti.o
                0x000000000800ad00                _fini
 .fini          0x000000000800ad04        0x8 c:/st/stm32cubeide_1.8.0/stm32cubeide/plugins/com.st.stm32cube.ide.mcu.externaltools.gnu-tools-for-stm32.10.3-2021.10.win32_1.0.0.202111181127/tools/bin/../lib/gcc/arm-none-eabi/10.3.1/thumb/v7-m/nofp/crtn.o
                0x000000000800ad0c                . = ALIGN (0x4)
                0x000000000800ad0c                _etext = .

.vfp11_veneer   0x000000000800ad0c        0x0
 .vfp11_veneer  0x000000000800ad0c        0x0 linker stubs

.v4_bx          0x000000000800ad0c        0x0
 .v4_bx         0x000000000800ad0c        0x0 linker stubs

.iplt           0x000000000800ad0c        0x0
 .iplt          0x000000000800ad0c        0x0 c:/st/stm32cubeide_1.8.0/stm32cubeide/plugins/com.st.stm32cube.ide.mcu.externaltools.gnu-tools-for-stm32.10.3-2021.10.win32_1.0.0.202111181127/tools/bin/../lib/gcc/arm-none-eabi/10.3.1/thumb/v7-m/nofp/crtbegin.o

.rodata         0x000000000800ad0c      0x730
                0x000000000800ad0c                . = ALIGN (0x4)
 *(.rodata)
 *(.rodata*)
 .rodata.report_status_message.str1.4
                0x000000000800ad0c       0x13 ./src/report.o
 *fill*         0x000000000800ad1f        0x1 
 .rodata.report_alarm_message.str1.4
                0x000000000800ad20        0x7 ./src/report.o
 *fill*         0x000000000800ad27        0x1 
 .rodata.report_feedback_message.str1.4
                0x000000000800ad28       0xad ./src/report.o
 *fill*         0x000000000800add5        0x3 
 .rodata.report_init_message.str1.4
                0x000000000800add8       0x1d ./src/report.o
 *fill*         0x000000000800adf5        0x3 
 .rodata.report_grbl_help.str1.4
                0x000000000800adf8       0xae ./src/report.o
 *fill*         0x000000000800aea6        0x2 
 .rodata.report_probe_parameters.str1.4
                0x000000000800aea8        0x6 ./src/report.o
 *fill*         0x000000000800aeae        0x2 
 .rodata.report_ngc_parameters.str1.4
                0x000000000800aeb0       0x1a ./src/report.o
 *fill*         0x000000000800aeca        0x2 
 .rodata.report_gcode_modes.str1.4
                0x000000000800aecc       0x1f ./src/report.o
 *fill*         0x000000000800aeeb        0x1 
 .rodata.report_startup_line.str1.4
                0x000000000800aeec        0x3 ./src/report.o
 *fill*         0x000000000800aeef        0x1 
 .rodata.report_build_info.str1.4
                0x000000000800aef0       0x1a ./src/report.o
 *fill*         0x000000000800af0a        0x2 
 .rodata.report_realtime_status.str1.4
                0x000000000800af0c       0x7b ./src/report.o
 *fill*         0x000000000800af87        0x1 
 .rodata.direction_pin_mask
                0x000000000800af88        0x8 ./src/stepper.o
                0x000000000800af88                direction_pin_mask
 .rodata.limit_pin_mask
                0x000000000800af90        0x8 ./src/stepper.o
                0x000000000800af90                limit_pin_mask
 .rodata.step_pin_mask
                0x000000000800af98        0x8 ./src/stepper.o
                0x000000000800af98                step_pin_mask
 .rodata.Virtual_Com_Port_ConfigDescriptor
                0x000000000800afa0       0x43 ./usb/usb_desc.o
                0x000000000800afa0                Virtual_Com_Port_ConfigDescriptor
 *fill*         0x000000000800afe3        0x1 
 .rodata.Virtual_Com_Port_DeviceDescriptor
                0x000000000800afe4       0x12 ./usb/usb_desc.o
                0x000000000800afe4                Virtual_Com_Port_DeviceDescriptor
 *fill*         0x000000000800aff6        0x2 
 .rodata.Virtual_Com_Port_StringLangID
                0x000000000800aff8        0x4 ./usb/usb_desc.o
                0x000000000800aff8                Virtual_Com_Port_StringLangID
 .rodata.Virtual_Com_Port_StringProduct
                0x000000000800affc       0x1c ./usb/usb_desc.o
                0x000000000800affc                Virtual_Com_Port_StringProduct
 .rodata.Virtual_Com_Port_StringVendor
                0x000000000800b018       0x16 ./usb/usb_desc.o
                0x000000000800b018                Virtual_Com_Port_StringVendor
 *fill*         0x000000000800b02e        0x2 
 .rodata._global_impure_ptr
                0x000000000800b030        0x4 c:/st/stm32cubeide_1.8.0/stm32cubeide/plugins/com.st.stm32cube.ide.mcu.externaltools.gnu-tools-for-stm32.10.3-2021.10.win32_1.0.0.202111181127/tools/bin/../lib/gcc/arm-none-eabi/10.3.1/../../../../arm-none-eabi/lib/thumb/v7-m/nofp\libc.a(lib_a-impure.o)
                0x000000000800b030                _global_impure_ptr
 .rodata.CSWTCH.8
                0x000000000800b034        0xc c:/st/stm32cubeide_1.8.0/stm32cubeide/plugins/com.st.stm32cube.ide.mcu.externaltools.gnu-tools-for-stm32.10.3-2021.10.win32_1.0.0.202111181127/tools/bin/../lib/gcc/arm-none-eabi/10.3.1/../../../../arm-none-eabi/lib/thumb/v7-m/nofp\libm.a(lib_a-ef_atan2.o)
 .rodata.CSWTCH.9
                0x000000000800b040        0xc c:/st/stm32cubeide_1.8.0/stm32cubeide/plugins/com.st.stm32cube.ide.mcu.externaltools.gnu-tools-for-stm32.10.3-2021.10.win32_1.0.0.202111181127/tools/bin/../lib/gcc/arm-none-eabi/10.3.1/../../../../arm-none-eabi/lib/thumb/v7-m/nofp\libm.a(lib_a-ef_atan2.o)
 .rodata.npio2_hw
                0x000000000800b04c       0x80 c:/st/stm32cubeide_1.8.0/stm32cubeide/plugins/com.st.stm32cube.ide.mcu.externaltools.gnu-tools-for-stm32.10.3-2021.10.win32_1.0.0.202111181127/tools/bin/../lib/gcc/arm-none-eabi/10.3.1/../../../../arm-none-eabi/lib/thumb/v7-m/nofp\libm.a(lib_a-ef_rem_pio2.o)
 .rodata.two_over_pi
                0x000000000800b0cc      0x318 c:/st/stm32cubeide_1.8.0/stm32cubeide/plugins/com.st.stm32cube.ide.mcu.externaltools.gnu-tools-for-stm32.10.3-2021.10.win32_1.0.0.202111181127/tools/bin/../lib/gcc/arm-none-eabi/10.3.1/../../../../arm-none-eabi/lib/thumb/v7-m/nofp\libm.a(lib_a-ef_rem_pio2.o)
 .rodata.PIo2   0x000000000800b3e4       0x2c c:/st/stm32cubeide_1.8.0/stm32cubeide/plugins/com.st.stm32cube.ide.mcu.externaltools.gnu-tools-for-stm32.10.3-2021.10.win32_1.0.0.202111181127/tools/bin/../lib/gcc/arm-none-eabi/10.3.1/../../../../arm-none-eabi/lib/thumb/v7-m/nofp\libm.a(lib_a-kf_rem_pio2.o)
 .rodata.init_jk
                0x000000000800b410        0xc c:/st/stm32cubeide_1.8.0/stm32cubeide/plugins/com.st.stm32cube.ide.mcu.externaltools.gnu-tools-for-stm32.10.3-2021.10.win32_1.0.0.202111181127/tools/bin/../lib/gcc/arm-none-eabi/10.3.1/../../../../arm-none-eabi/lib/thumb/v7-m/nofp\libm.a(lib_a-kf_rem_pio2.o)
 .rodata.atanhi
                0x000000000800b41c       0x10 c:/st/stm32cubeide_1.8.0/stm32cubeide/plugins/com.st.stm32cube.ide.mcu.externaltools.gnu-tools-for-stm32.10.3-2021.10.win32_1.0.0.202111181127/tools/bin/../lib/gcc/arm-none-eabi/10.3.1/../../../../arm-none-eabi/lib/thumb/v7-m/nofp\libm.a(lib_a-sf_atan.o)
 .rodata.atanlo
                0x000000000800b42c       0x10 c:/st/stm32cubeide_1.8.0/stm32cubeide/plugins/com.st.stm32cube.ide.mcu.externaltools.gnu-tools-for-stm32.10.3-2021.10.win32_1.0.0.202111181127/tools/bin/../lib/gcc/arm-none-eabi/10.3.1/../../../../arm-none-eabi/lib/thumb/v7-m/nofp\libm.a(lib_a-sf_atan.o)
                0x000000000800b43c                . = ALIGN (0x4)

.rel.dyn        0x000000000800b43c        0x0
 .rel.iplt      0x000000000800b43c        0x0 c:/st/stm32cubeide_1.8.0/stm32cubeide/plugins/com.st.stm32cube.ide.mcu.externaltools.gnu-tools-for-stm32.10.3-2021.10.win32_1.0.0.202111181127/tools/bin/../lib/gcc/arm-none-eabi/10.3.1/thumb/v7-m/nofp/crtbegin.o

.ARM.extab
 *(.ARM.extab* .gnu.linkonce.armextab.*)

.ARM            0x000000000800b43c        0x0
                0x000000000800b43c                __exidx_start = .
 *(.ARM.exidx*)
                0x000000000800b43c                __exidx_end = .

.preinit_array  0x000000000800b43c        0x0
                0x000000000800b43c                PROVIDE (__preinit_array_start = .)
 *(.preinit_array*)
                0x000000000800b43c                PROVIDE (__preinit_array_end = .)

.init_array     0x000000000800b43c        0x8
                0x000000000800b43c                PROVIDE (__init_array_start = .)
 *(SORT_BY_NAME(.init_array.*))
 .init_array.00000
                0x000000000800b43c        0x4 c:/st/stm32cubeide_1.8.0/stm32cubeide/plugins/com.st.stm32cube.ide.mcu.externaltools.gnu-tools-for-stm32.10.3-2021.10.win32_1.0.0.202111181127/tools/bin/../lib/gcc/arm-none-eabi/10.3.1/../../../../arm-none-eabi/lib/thumb/v7-m/nofp\libc.a(lib_a-__call_atexit.o)
 *(.init_array*)
 .init_array    0x000000000800b440        0x4 c:/st/stm32cubeide_1.8.0/stm32cubeide/plugins/com.st.stm32cube.ide.mcu.externaltools.gnu-tools-for-stm32.10.3-2021.10.win32_1.0.0.202111181127/tools/bin/../lib/gcc/arm-none-eabi/10.3.1/thumb/v7-m/nofp/crtbegin.o
                0x000000000800b444                PROVIDE (__init_array_end = .)

.fini_array     0x000000000800b444        0x4
                0x000000000800b444                PROVIDE (__fini_array_start = .)
 *(SORT_BY_NAME(.fini_array.*))
 *(.fini_array*)
 .fini_array    0x000000000800b444        0x4 c:/st/stm32cubeide_1.8.0/stm32cubeide/plugins/com.st.stm32cube.ide.mcu.externaltools.gnu-tools-for-stm32.10.3-2021.10.win32_1.0.0.202111181127/tools/bin/../lib/gcc/arm-none-eabi/10.3.1/thumb/v7-m/nofp/crtbegin.o
                0x000000000800b448                PROVIDE (__fini_array_end = .)
                0x000000000800b448                _sidata = LOADADDR (.data)

.data           0x0000000020000000      0x51c load address 0x000000000800b448
                0x0000000020000000                . = ALIGN (0x4)
                0x0000000020000000                _sdata = .
 *(.data)
 *(.data*)
 .data.nOnFlag.0
                0x0000000020000000        0x1 ./src/main.o
 *fill*         0x0000000020000001        0x3 
 .data.SystemCoreClock
                0x0000000020000004        0x4 ./src/system_stm32f10x.o
                0x0000000020000004                SystemCoreClock
 .data.Virtual_Com_Port_StringSerial
                0x0000000020000008       0x1a ./usb/usb_desc.o
                0x0000000020000008                Virtual_Com_Port_StringSerial
 *fill*         0x0000000020000022        0x2 
 .data.pEpInt_IN
                0x0000000020000024       0x1c ./usb/usb_istr.o
                0x0000000020000024                pEpInt_IN
 .data.pEpInt_OUT
                0x0000000020000040       0x1c ./usb/usb_istr.o
                0x0000000020000040                pEpInt_OUT
 .data.Config_Descriptor
                0x000000002000005c        0x8 ./usb/usb_prop.o
                0x000000002000005c                Config_Descriptor
 .data.Device_Descriptor
                0x0000000020000064        0x8 ./usb/usb_prop.o
                0x0000000020000064                Device_Descriptor
 .data.Device_Property
                0x000000002000006c       0x30 ./usb/usb_prop.o
                0x000000002000006c                Device_Property
 .data.Device_Table
                0x000000002000009c        0x2 ./usb/usb_prop.o
                0x000000002000009c                Device_Table
 *fill*         0x000000002000009e        0x2 
 .data.String_Descriptor
                0x00000000200000a0       0x20 ./usb/usb_prop.o
                0x00000000200000a0                String_Descriptor
 .data.User_Standard_Requests
                0x00000000200000c0       0x24 ./usb/usb_prop.o
                0x00000000200000c0                User_Standard_Requests
 .data.linecoding
                0x00000000200000e4        0x8 ./usb/usb_prop.o
                0x00000000200000e4                linecoding
 .data._impure_ptr
                0x00000000200000ec        0x4 c:/st/stm32cubeide_1.8.0/stm32cubeide/plugins/com.st.stm32cube.ide.mcu.externaltools.gnu-tools-for-stm32.10.3-2021.10.win32_1.0.0.202111181127/tools/bin/../lib/gcc/arm-none-eabi/10.3.1/../../../../arm-none-eabi/lib/thumb/v7-m/nofp\libc.a(lib_a-impure.o)
                0x00000000200000ec                _impure_ptr
 .data.impure_data
                0x00000000200000f0      0x428 c:/st/stm32cubeide_1.8.0/stm32cubeide/plugins/com.st.stm32cube.ide.mcu.externaltools.gnu-tools-for-stm32.10.3-2021.10.win32_1.0.0.202111181127/tools/bin/../lib/gcc/arm-none-eabi/10.3.1/../../../../arm-none-eabi/lib/thumb/v7-m/nofp\libc.a(lib_a-impure.o)
 .data.__atexit_recursive_mutex
                0x0000000020000518        0x4 c:/st/stm32cubeide_1.8.0/stm32cubeide/plugins/com.st.stm32cube.ide.mcu.externaltools.gnu-tools-for-stm32.10.3-2021.10.win32_1.0.0.202111181127/tools/bin/../lib/gcc/arm-none-eabi/10.3.1/../../../../arm-none-eabi/lib/thumb/v7-m/nofp\libc.a(lib_a-__call_atexit.o)
                0x0000000020000518                __atexit_recursive_mutex
                0x000000002000051c                . = ALIGN (0x4)
                0x000000002000051c                _edata = .

.igot.plt       0x000000002000051c        0x0 load address 0x000000000800b964
 .igot.plt      0x000000002000051c        0x0 c:/st/stm32cubeide_1.8.0/stm32cubeide/plugins/com.st.stm32cube.ide.mcu.externaltools.gnu-tools-for-stm32.10.3-2021.10.win32_1.0.0.202111181127/tools/bin/../lib/gcc/arm-none-eabi/10.3.1/thumb/v7-m/nofp/crtbegin.o
                0x000000002000051c                . = ALIGN (0x4)

.bss            0x000000002000051c     0x1174 load address 0x000000000800b964
                0x000000002000051c                _sbss = .
                0x000000002000051c                __bss_start__ = _sbss
 *(.bss)
 .bss           0x000000002000051c       0x1c c:/st/stm32cubeide_1.8.0/stm32cubeide/plugins/com.st.stm32cube.ide.mcu.externaltools.gnu-tools-for-stm32.10.3-2021.10.win32_1.0.0.202111181127/tools/bin/../lib/gcc/arm-none-eabi/10.3.1/thumb/v7-m/nofp/crtbegin.o
 *(.bss*)
 .bss.EE_Buffer
                0x0000000020000538      0x400 ./src/eeprom.o
                0x0000000020000538                EE_Buffer
 .bss.gc_block  0x0000000020000938       0x48 ./src/gcode.o
                0x0000000020000938                gc_block
 .bss.gc_state  0x0000000020000980       0x50 ./src/gcode.o
                0x0000000020000980                gc_state
 .bss.sys       0x00000000200009d0       0x14 ./src/main.o
                0x00000000200009d0                sys
 .bss.sys_position
                0x00000000200009e4       0x10 ./src/main.o
                0x00000000200009e4                sys_position
 .bss.sys_probe_position
                0x00000000200009f4       0x10 ./src/main.o
                0x00000000200009f4                sys_probe_position
 .bss.sys_probe_state
                0x0000000020000a04        0x1 ./src/main.o
                0x0000000020000a04                sys_probe_state
 .bss.sys_rt_exec_accessory_override
                0x0000000020000a05        0x1 ./src/main.o
                0x0000000020000a05                sys_rt_exec_accessory_override
 .bss.sys_rt_exec_alarm
                0x0000000020000a06        0x1 ./src/main.o
                0x0000000020000a06                sys_rt_exec_alarm
 .bss.sys_rt_exec_motion_override
                0x0000000020000a07        0x1 ./src/main.o
                0x0000000020000a07                sys_rt_exec_motion_override
 .bss.sys_rt_exec_state
                0x0000000020000a08        0x1 ./src/main.o
                0x0000000020000a08                sys_rt_exec_state
 *fill*         0x0000000020000a09        0x3 
 .bss.block_buffer
                0x0000000020000a0c      0x7e0 ./src/planner.o
 .bss.block_buffer_head
                0x00000000200011ec        0x1 ./src/planner.o
 .bss.block_buffer_planned
                0x00000000200011ed        0x1 ./src/planner.o
 .bss.block_buffer_tail
                0x00000000200011ee        0x1 ./src/planner.o
 .bss.next_buffer_head
                0x00000000200011ef        0x1 ./src/planner.o
 .bss.pl        0x00000000200011f0       0x24 ./src/planner.o
 .bss.probe_invert_mask
                0x0000000020001214        0x2 ./src/probe.o
                0x0000000020001214                probe_invert_mask
 *fill*         0x0000000020001216        0x2 
 .bss.line      0x0000000020001218       0x50 ./src/protocol.o
 .bss.serial_rx_buffer
                0x0000000020001268       0xfe ./src/serial.o
                0x0000000020001268                serial_rx_buffer
 .bss.serial_rx_buffer_head
                0x0000000020001366        0x1 ./src/serial.o
                0x0000000020001366                serial_rx_buffer_head
 .bss.serial_rx_buffer_tail
                0x0000000020001367        0x1 ./src/serial.o
                0x0000000020001367                serial_rx_buffer_tail
 .bss.serial_tx_buffer
                0x0000000020001368       0x80 ./src/serial.o
                0x0000000020001368                serial_tx_buffer
 .bss.serial_tx_buffer_head
                0x00000000200013e8        0x1 ./src/serial.o
                0x00000000200013e8                serial_tx_buffer_head
 .bss.serial_tx_buffer_tail
                0x00000000200013e9        0x1 ./src/serial.o
                0x00000000200013e9                serial_tx_buffer_tail
 *fill*         0x00000000200013ea        0x2 
 .bss.settings  0x00000000200013ec       0x6c ./src/settings.o
                0x00000000200013ec                settings
 .bss.pwm_gradient
                0x0000000020001458        0x4 ./src/spindle_control.o
 .bss.busy      0x000000002000145c        0x1 ./src/stepper.o
 *fill*         0x000000002000145d        0x1 
 .bss.dir_port_invert_mask
                0x000000002000145e        0x2 ./src/stepper.o
 .bss.pl_block  0x0000000020001460        0x4 ./src/stepper.o
 .bss.prep      0x0000000020001464       0x38 ./src/stepper.o
 .bss.segment_buffer
                0x000000002000149c       0x50 ./src/stepper.o
 .bss.segment_buffer_head
                0x00000000200014ec        0x1 ./src/stepper.o
 .bss.segment_buffer_tail
                0x00000000200014ed        0x1 ./src/stepper.o
 .bss.segment_next_head
                0x00000000200014ee        0x1 ./src/stepper.o
 *fill*         0x00000000200014ef        0x1 
 .bss.st        0x00000000200014f0       0x34 ./src/stepper.o
 .bss.st_block_buffer
                0x0000000020001524       0xd8 ./src/stepper.o
 .bss.st_prep_block
                0x00000000200015fc        0x4 ./src/stepper.o
 .bss.step_port_invert_mask
                0x0000000020001600        0x2 ./src/stepper.o
 *fill*         0x0000000020001602        0x2 
 .bss.Data_Mul_MaxPacketSize
                0x0000000020001604        0x4 ./stm_usb_fs_lib/src/usb_core.o
                0x0000000020001604                Data_Mul_MaxPacketSize
 .bss.StatusInfo
                0x0000000020001608        0x2 ./stm_usb_fs_lib/src/usb_core.o
                0x0000000020001608                StatusInfo
 *fill*         0x000000002000160a        0x2 
 .bss.Device_Info
                0x000000002000160c       0x1c ./stm_usb_fs_lib/src/usb_init.o
                0x000000002000160c                Device_Info
 .bss.EPindex   0x0000000020001628        0x1 ./stm_usb_fs_lib/src/usb_init.o
                0x0000000020001628                EPindex
 *fill*         0x0000000020001629        0x3 
 .bss.pInformation
                0x000000002000162c        0x4 ./stm_usb_fs_lib/src/usb_init.o
                0x000000002000162c                pInformation
 .bss.pProperty
                0x0000000020001630        0x4 ./stm_usb_fs_lib/src/usb_init.o
                0x0000000020001630                pProperty
 .bss.pUser_Standard_Requests
                0x0000000020001634        0x4 ./stm_usb_fs_lib/src/usb_init.o
                0x0000000020001634                pUser_Standard_Requests
 .bss.wInterrupt_Mask
                0x0000000020001638        0x2 ./stm_usb_fs_lib/src/usb_init.o
                0x0000000020001638                wInterrupt_Mask
 .bss.SaveRState
                0x000000002000163a        0x2 ./stm_usb_fs_lib/src/usb_int.o
                0x000000002000163a                SaveRState
 .bss.SaveTState
                0x000000002000163c        0x2 ./stm_usb_fs_lib/src/usb_int.o
                0x000000002000163c                SaveTState
 *fill*         0x000000002000163e        0x2 
 .bss.USB_Rx_Buffer
                0x0000000020001640       0x40 ./usb/usb_endp.o
                0x0000000020001640                USB_Rx_Buffer
 .bss.txUsbLock
                0x0000000020001680        0x1 ./usb/usb_endp.o
                0x0000000020001680                txUsbLock
 .bss.bIntPackSOF
                0x0000000020001681        0x1 ./usb/usb_istr.o
                0x0000000020001681                bIntPackSOF
 .bss.wIstr     0x0000000020001682        0x2 ./usb/usb_istr.o
                0x0000000020001682                wIstr
 .bss.Request   0x0000000020001684        0x1 ./usb/usb_prop.o
                0x0000000020001684                Request
 *fill*         0x0000000020001685        0x3 
 .bss.bDeviceState
                0x0000000020001688        0x4 ./usb/usb_pwr.o
                0x0000000020001688                bDeviceState
 .bss.__lock___atexit_recursive_mutex
                0x000000002000168c        0x1 c:/st/stm32cubeide_1.8.0/stm32cubeide/plugins/com.st.stm32cube.ide.mcu.externaltools.gnu-tools-for-stm32.10.3-2021.10.win32_1.0.0.202111181127/tools/bin/../lib/gcc/arm-none-eabi/10.3.1/../../../../arm-none-eabi/lib/thumb/v7-m/nofp\libc.a(lib_a-lock.o)
                0x000000002000168c                __lock___atexit_recursive_mutex
 *(COMMON)
                0x0000000020001690                . = ALIGN (0x4)
 *fill*         0x000000002000168d        0x3 
                0x0000000020001690                _ebss = .
                0x0000000020001690                __bss_end__ = _ebss

._user_heap_stack
                0x0000000020001690      0x280 load address 0x000000000800b964
                0x0000000020001690                . = ALIGN (0x4)
                [!provide]                        PROVIDE (end = .)
                [!provide]                        PROVIDE (_end = .)
                0x0000000020001710                . = (. + _Min_Heap_Size)
 *fill*         0x0000000020001690       0x80 
                0x0000000020001910                . = (. + _Min_Stack_Size)
 *fill*         0x0000000020001710      0x200 
                0x0000000020001910                . = ALIGN (0x4)

.memory_b1_text
 *(.mb1text)
 *(.mb1text*)
 *(.mb1rodata)
 *(.mb1rodata*)

/DISCARD/
 libc.a(*)
 libm.a(*)
 libgcc.a(*)

.ARM.attributes
                0x0000000000000000       0x29
 *(.ARM.attributes)
 .ARM.attributes
                0x0000000000000000       0x1d c:/st/stm32cubeide_1.8.0/stm32cubeide/plugins/com.st.stm32cube.ide.mcu.externaltools.gnu-tools-for-stm32.10.3-2021.10.win32_1.0.0.202111181127/tools/bin/../lib/gcc/arm-none-eabi/10.3.1/thumb/v7-m/nofp/crti.o
 .ARM.attributes
                0x000000000000001d       0x2d c:/st/stm32cubeide_1.8.0/stm32cubeide/plugins/com.st.stm32cube.ide.mcu.externaltools.gnu-tools-for-stm32.10.3-2021.10.win32_1.0.0.202111181127/tools/bin/../lib/gcc/arm-none-eabi/10.3.1/thumb/v7-m/nofp/crtbegin.o
 .ARM.attributes
                0x000000000000004a       0x29 ./Libraries/STM32F10x_StdPeriph_Driver/src/misc.o
 .ARM.attributes
                0x0000000000000073       0x29 ./Libraries/STM32F10x_StdPeriph_Driver/src/stm32f10x_exti.o
 .ARM.attributes
                0x000000000000009c       0x29 ./Libraries/STM32F10x_StdPeriph_Driver/src/stm32f10x_flash.o
 .ARM.attributes
                0x00000000000000c5       0x29 ./Libraries/STM32F10x_StdPeriph_Driver/src/stm32f10x_gpio.o
 .ARM.attributes
                0x00000000000000ee       0x29 ./Libraries/STM32F10x_StdPeriph_Driver/src/stm32f10x_rcc.o
 .ARM.attributes
                0x0000000000000117       0x29 ./Libraries/STM32F10x_StdPeriph_Driver/src/stm32f10x_tim.o
 .ARM.attributes
                0x0000000000000140       0x29 ./src/coolant_control.o
 .ARM.attributes
                0x0000000000000169       0x29 ./src/eeprom.o
 .ARM.attributes
                0x0000000000000192       0x29 ./src/gcode.o
 .ARM.attributes
                0x00000000000001bb       0x29 ./src/jog.o
 .ARM.attributes
                0x00000000000001e4       0x29 ./src/limits.o
 .ARM.attributes
                0x000000000000020d       0x29 ./src/main.o
 .ARM.attributes
                0x0000000000000236       0x29 ./src/motion_control.o
 .ARM.attributes
                0x000000000000025f       0x29 ./src/nuts_bolts.o
 .ARM.attributes
                0x0000000000000288       0x29 ./src/planner.o
 .ARM.attributes
                0x00000000000002b1       0x29 ./src/print.o
 .ARM.attributes
                0x00000000000002da       0x29 ./src/probe.o
 .ARM.attributes
                0x0000000000000303       0x29 ./src/protocol.o
 .ARM.attributes
                0x000000000000032c       0x29 ./src/report.o
 .ARM.attributes
                0x0000000000000355       0x29 ./src/serial.o
 .ARM.attributes
                0x000000000000037e       0x29 ./src/settings.o
 .ARM.attributes
                0x00000000000003a7       0x29 ./src/spindle_control.o
 .ARM.attributes
                0x00000000000003d0       0x21 ./src/startup_stm32f10x_md.o
 .ARM.attributes
                0x00000000000003f1       0x29 ./src/stepper.o
 .ARM.attributes
                0x000000000000041a       0x29 ./src/system.o
 .ARM.attributes
                0x0000000000000443       0x29 ./src/system_stm32f10x.o
 .ARM.attributes
                0x000000000000046c       0x29 ./stm_usb_fs_lib/src/usb_core.o
 .ARM.attributes
                0x0000000000000495       0x29 ./stm_usb_fs_lib/src/usb_init.o
 .ARM.attributes
                0x00000000000004be       0x29 ./stm_usb_fs_lib/src/usb_int.o
 .ARM.attributes
                0x00000000000004e7       0x29 ./stm_usb_fs_lib/src/usb_mem.o
 .ARM.attributes
                0x0000000000000510       0x29 ./stm_usb_fs_lib/src/usb_regs.o
 .ARM.attributes
                0x0000000000000539       0x29 ./stm_usb_fs_lib/src/usb_sil.o
 .ARM.attributes
                0x0000000000000562       0x29 ./usb/hw_config.o
 .ARM.attributes
                0x000000000000058b       0x29 ./usb/usb_desc.o
 .ARM.attributes
                0x00000000000005b4       0x29 ./usb/usb_endp.o
 .ARM.attributes
                0x00000000000005dd       0x29 ./usb/usb_istr.o
 .ARM.attributes
                0x0000000000000606       0x29 ./usb/usb_prop.o
 .ARM.attributes
                0x000000000000062f       0x29 ./usb/usb_pwr.o
 .ARM.attributes
                0x0000000000000658       0x29 ./util/stm32f10x_it.o
 .ARM.attributes
                0x0000000000000681       0x2d c:/st/stm32cubeide_1.8.0/stm32cubeide/plugins/com.st.stm32cube.ide.mcu.externaltools.gnu-tools-for-stm32.10.3-2021.10.win32_1.0.0.202111181127/tools/bin/../lib/gcc/arm-none-eabi/10.3.1/../../../../arm-none-eabi/lib/thumb/v7-m/nofp\libc.a(lib_a-impure.o)
 .ARM.attributes
                0x00000000000006ae       0x2d c:/st/stm32cubeide_1.8.0/stm32cubeide/plugins/com.st.stm32cube.ide.mcu.externaltools.gnu-tools-for-stm32.10.3-2021.10.win32_1.0.0.202111181127/tools/bin/../lib/gcc/arm-none-eabi/10.3.1/../../../../arm-none-eabi/lib/thumb/v7-m/nofp\libc.a(lib_a-init.o)
 .ARM.attributes
                0x00000000000006db       0x2d c:/st/stm32cubeide_1.8.0/stm32cubeide/plugins/com.st.stm32cube.ide.mcu.externaltools.gnu-tools-for-stm32.10.3-2021.10.win32_1.0.0.202111181127/tools/bin/../lib/gcc/arm-none-eabi/10.3.1/../../../../arm-none-eabi/lib/thumb/v7-m/nofp\libc.a(lib_a-memcmp.o)
 .ARM.attributes
                0x0000000000000708       0x2d c:/st/stm32cubeide_1.8.0/stm32cubeide/plugins/com.st.stm32cube.ide.mcu.externaltools.gnu-tools-for-stm32.10.3-2021.10.win32_1.0.0.202111181127/tools/bin/../lib/gcc/arm-none-eabi/10.3.1/../../../../arm-none-eabi/lib/thumb/v7-m/nofp\libc.a(lib_a-memset.o)
 .ARM.attributes
                0x0000000000000735       0x2d c:/st/stm32cubeide_1.8.0/stm32cubeide/plugins/com.st.stm32cube.ide.mcu.externaltools.gnu-tools-for-stm32.10.3-2021.10.win32_1.0.0.202111181127/tools/bin/../lib/gcc/arm-none-eabi/10.3.1/../../../../arm-none-eabi/lib/thumb/v7-m/nofp\libc.a(lib_a-__call_atexit.o)
 .ARM.attributes
                0x0000000000000762       0x2d c:/st/stm32cubeide_1.8.0/stm32cubeide/plugins/com.st.stm32cube.ide.mcu.externaltools.gnu-tools-for-stm32.10.3-2021.10.win32_1.0.0.202111181127/tools/bin/../lib/gcc/arm-none-eabi/10.3.1/../../../../arm-none-eabi/lib/thumb/v7-m/nofp\libc.a(lib_a-atexit.o)
 .ARM.attributes
                0x000000000000078f       0x2d c:/st/stm32cubeide_1.8.0/stm32cubeide/plugins/com.st.stm32cube.ide.mcu.externaltools.gnu-tools-for-stm32.10.3-2021.10.win32_1.0.0.202111181127/tools/bin/../lib/gcc/arm-none-eabi/10.3.1/../../../../arm-none-eabi/lib/thumb/v7-m/nofp\libc.a(lib_a-fini.o)
 .ARM.attributes
                0x00000000000007bc       0x2d c:/st/stm32cubeide_1.8.0/stm32cubeide/plugins/com.st.stm32cube.ide.mcu.externaltools.gnu-tools-for-stm32.10.3-2021.10.win32_1.0.0.202111181127/tools/bin/../lib/gcc/arm-none-eabi/10.3.1/../../../../arm-none-eabi/lib/thumb/v7-m/nofp\libc.a(lib_a-lock.o)
 .ARM.attributes
                0x00000000000007e9       0x2d c:/st/stm32cubeide_1.8.0/stm32cubeide/plugins/com.st.stm32cube.ide.mcu.externaltools.gnu-tools-for-stm32.10.3-2021.10.win32_1.0.0.202111181127/tools/bin/../lib/gcc/arm-none-eabi/10.3.1/../../../../arm-none-eabi/lib/thumb/v7-m/nofp\libc.a(lib_a-__atexit.o)
 .ARM.attributes
                0x0000000000000816       0x2d c:/st/stm32cubeide_1.8.0/stm32cubeide/plugins/com.st.stm32cube.ide.mcu.externaltools.gnu-tools-for-stm32.10.3-2021.10.win32_1.0.0.202111181127/tools/bin/../lib/gcc/arm-none-eabi/10.3.1/../../../../arm-none-eabi/lib/thumb/v7-m/nofp\libm.a(lib_a-sf_ceil.o)
 .ARM.attributes
                0x0000000000000843       0x2d c:/st/stm32cubeide_1.8.0/stm32cubeide/plugins/com.st.stm32cube.ide.mcu.externaltools.gnu-tools-for-stm32.10.3-2021.10.win32_1.0.0.202111181127/tools/bin/../lib/gcc/arm-none-eabi/10.3.1/../../../../arm-none-eabi/lib/thumb/v7-m/nofp\libm.a(lib_a-sf_cos.o)
 .ARM.attributes
                0x0000000000000870       0x2d c:/st/stm32cubeide_1.8.0/stm32cubeide/plugins/com.st.stm32cube.ide.mcu.externaltools.gnu-tools-for-stm32.10.3-2021.10.win32_1.0.0.202111181127/tools/bin/../lib/gcc/arm-none-eabi/10.3.1/../../../../arm-none-eabi/lib/thumb/v7-m/nofp\libm.a(lib_a-sf_floor.o)
 .ARM.attributes
                0x000000000000089d       0x2d c:/st/stm32cubeide_1.8.0/stm32cubeide/plugins/com.st.stm32cube.ide.mcu.externaltools.gnu-tools-for-stm32.10.3-2021.10.win32_1.0.0.202111181127/tools/bin/../lib/gcc/arm-none-eabi/10.3.1/../../../../arm-none-eabi/lib/thumb/v7-m/nofp\libm.a(lib_a-sf_lround.o)
 .ARM.attributes
                0x00000000000008ca       0x2d c:/st/stm32cubeide_1.8.0/stm32cubeide/plugins/com.st.stm32cube.ide.mcu.externaltools.gnu-tools-for-stm32.10.3-2021.10.win32_1.0.0.202111181127/tools/bin/../lib/gcc/arm-none-eabi/10.3.1/../../../../arm-none-eabi/lib/thumb/v7-m/nofp\libm.a(lib_a-sf_sin.o)
 .ARM.attributes